[1;30m[2021-01-13T22:09:01,254211576-07:00][DEBUG] OSD_HOSTS: ['node-2.arm.ucsc-cmps107-pg0.utah.cloudlab.us', 'node-1.arm.ucsc-cmps107-pg0.utah.cloudlab.us', 'node-3.arm.ucsc-cmps107-pg0.utah.cloudlab.us'][0m


[1;33m[2021-01-13T22:09:01,257218930-07:00][STAGE] Check and install dependent packages...[0m
[1;30m[2021-01-13T22:09:01,278937849-07:00][DEBUG] HOST_PARAMS: ['--host', '10.10.1.2', '--host', 'node-2.arm.ucsc-cmps107-pg0.utah.cloudlab.us', '--host', 'node-1.arm.ucsc-cmps107-pg0.utah.cloudlab.us', '--host', 'node-3.arm.ucsc-cmps107-pg0.utah.cloudlab.us'][0m
[1;30m[2021-01-13T22:09:01,281572224-07:00][DEBUG] SCRIPT_FILE: install/docker[0m
[1;30m[2021-01-13T22:09:01,285662377-07:00][DEBUG] REMOTE_ENVS: ['INFO_LEVEL=1'][0m

# /users/ljishen/Downloads/ceph-research/scripts/parallel-exec-script:191 -  > /users/ljishen/Downloads/ceph-research/scripts/parallel-ssh --host 10.10.1.2 --host node-2.arm.ucsc-cmps107-pg0.utah.cloudlab.us --host node-1.arm.ucsc-cmps107-pg0.utah.cloudlab.us --host node-3.arm.ucsc-cmps107-pg0.utah.cloudlab.us sudo INFO_LEVEL=1 bash

# /users/ljishen/Downloads/ceph-research/scripts/parallel-ssh:19 -  > parallel-ssh --par 5 --timeout 0 --extra-args '-o GlobalKnownHostsFile=/dev/null -o LogLevel=ERROR -o PasswordAuthentication=no -o StrictHostKeyChecking=no -o UserKnownHostsFile=/dev/null' --inline --send-input --print --host 10.10.1.2 --host node-2.arm.ucsc-cmps107-pg0.utah.cloudlab.us --host node-1.arm.ucsc-cmps107-pg0.utah.cloudlab.us --host node-3.arm.ucsc-cmps107-pg0.utah.cloudlab.us sudo INFO_LEVEL=1 bash
10.10.1.2: b'\x1b[1;32m[2021-01-13T22:09:01,757658204-07:00][INFO] > Checking/Installing docker\x1b[0m\n'
node-2.arm.ucsc-cmps107-pg0.utah.cloudlab.us: b'\x1b[1;32m[2021-01-13T22:09:01,756616508-07:00][INFO] > Checking/Installing docker\x1b[0m\n'
node-1.arm.ucsc-cmps107-pg0.utah.cloudlab.us: b'\x1b[1;32m[2021-01-13T22:09:01,761189518-07:00][INFO] > Checking/Installing docker\x1b[0m\n'
node-3.arm.ucsc-cmps107-pg0.utah.cloudlab.us: b'\x1b[1;32m[2021-01-13T22:09:01,767429522-07:00][INFO] > Checking/Installing docker\x1b[0m\n'
node-2.arm.ucsc-cmps107-pg0.utah.cloudlab.us: b'\x1b[1;32m[2021-01-13T22:09:02,001291001-07:00][INFO] >> Existing version of docker: 20.10.2 (client), 20.10.2 (server)\x1b[0m\n'
node-1.arm.ucsc-cmps107-pg0.utah.cloudlab.us: b'\x1b[1;32m[2021-01-13T22:09:02,010398080-07:00][INFO] >> Existing version of docker: 20.10.2 (client), 20.10.2 (server)\x1b[0m\n'
10.10.1.2: b'\x1b[1;32m[2021-01-13T22:09:02,009860267-07:00][INFO] >> Existing version of docker: 20.10.2 (client), 20.10.2 (server)\x1b[0m\n'
[1] 22:09:02 [SUCCESS] node-2.arm.ucsc-cmps107-pg0.utah.cloudlab.us
[1;32m[2021-01-13T22:09:01,756616508-07:00][INFO] > Checking/Installing docker[0m
[1;32m[2021-01-13T22:09:02,001291001-07:00][INFO] >> Existing version of docker: 20.10.2 (client), 20.10.2 (server)[0m
node-3.arm.ucsc-cmps107-pg0.utah.cloudlab.us: b'\x1b[1;32m[2021-01-13T22:09:02,012748316-07:00][INFO] >> Existing version of docker: 20.10.2 (client), 20.10.2 (server)\x1b[0m\n'
[2] 22:09:02 [SUCCESS] node-1.arm.ucsc-cmps107-pg0.utah.cloudlab.us
[1;32m[2021-01-13T22:09:01,761189518-07:00][INFO] > Checking/Installing docker[0m
[1;32m[2021-01-13T22:09:02,010398080-07:00][INFO] >> Existing version of docker: 20.10.2 (client), 20.10.2 (server)[0m
[3] 22:09:02 [SUCCESS] 10.10.1.2
[1;32m[2021-01-13T22:09:01,757658204-07:00][INFO] > Checking/Installing docker[0m
[1;32m[2021-01-13T22:09:02,009860267-07:00][INFO] >> Existing version of docker: 20.10.2 (client), 20.10.2 (server)[0m
[4] 22:09:02 [SUCCESS] node-3.arm.ucsc-cmps107-pg0.utah.cloudlab.us
[1;32m[2021-01-13T22:09:01,767429522-07:00][INFO] > Checking/Installing docker[0m
[1;32m[2021-01-13T22:09:02,012748316-07:00][INFO] >> Existing version of docker: 20.10.2 (client), 20.10.2 (server)[0m
[1;30m[2021-01-13T22:09:02,069252715-07:00][DEBUG] HOST_PARAMS: ['--host', '10.10.1.2', '--host', 'node-2.arm.ucsc-cmps107-pg0.utah.cloudlab.us', '--host', 'node-1.arm.ucsc-cmps107-pg0.utah.cloudlab.us', '--host', 'node-3.arm.ucsc-cmps107-pg0.utah.cloudlab.us'][0m
[1;30m[2021-01-13T22:09:02,072042669-07:00][DEBUG] SCRIPT_FILE: install/general_package[0m
[1;30m[2021-01-13T22:09:02,077026360-07:00][DEBUG] REMOTE_ENVS: ['PACKAGE_NAME=sysstat', 'MIN_PACKAGE_VERSION=12.1.5', 'INFO_LEVEL=1'][0m

# /users/ljishen/Downloads/ceph-research/scripts/parallel-exec-script:191 -  > /users/ljishen/Downloads/ceph-research/scripts/parallel-ssh --host 10.10.1.2 --host node-2.arm.ucsc-cmps107-pg0.utah.cloudlab.us --host node-1.arm.ucsc-cmps107-pg0.utah.cloudlab.us --host node-3.arm.ucsc-cmps107-pg0.utah.cloudlab.us sudo PACKAGE_NAME=sysstat MIN_PACKAGE_VERSION=12.1.5 INFO_LEVEL=1 bash

# /users/ljishen/Downloads/ceph-research/scripts/parallel-ssh:19 -  > parallel-ssh --par 5 --timeout 0 --extra-args '-o GlobalKnownHostsFile=/dev/null -o LogLevel=ERROR -o PasswordAuthentication=no -o StrictHostKeyChecking=no -o UserKnownHostsFile=/dev/null' --inline --send-input --print --host 10.10.1.2 --host node-2.arm.ucsc-cmps107-pg0.utah.cloudlab.us --host node-1.arm.ucsc-cmps107-pg0.utah.cloudlab.us --host node-3.arm.ucsc-cmps107-pg0.utah.cloudlab.us sudo PACKAGE_NAME=sysstat MIN_PACKAGE_VERSION=12.1.5 INFO_LEVEL=1 bash
10.10.1.2: b'\x1b[1;32m[2021-01-13T22:09:02,516455509-07:00][INFO] > Checking version of package sysstat\x1b[0m\n'
node-1.arm.ucsc-cmps107-pg0.utah.cloudlab.us: b'\x1b[1;32m[2021-01-13T22:09:02,526059480-07:00][INFO] > Checking version of package sysstat\x1b[0m\n'
node-2.arm.ucsc-cmps107-pg0.utah.cloudlab.us: b'\x1b[1;32m[2021-01-13T22:09:02,561487305-07:00][INFO] > Checking version of package sysstat\x1b[0m\n'
node-3.arm.ucsc-cmps107-pg0.utah.cloudlab.us: b'\x1b[1;32m[2021-01-13T22:09:02,571697122-07:00][INFO] > Checking version of package sysstat\x1b[0m\n'
10.10.1.2: b'\x1b[1;32m[2021-01-13T22:09:02,782027027-07:00][INFO] > Existing version of package sysstat: 12.2.0-2\x1b[0m\n'
[1] 22:09:02 [SUCCESS] 10.10.1.2
[1;32m[2021-01-13T22:09:02,516455509-07:00][INFO] > Checking version of package sysstat[0m
[1;32m[2021-01-13T22:09:02,782027027-07:00][INFO] > Existing version of package sysstat: 12.2.0-2[0m
node-1.arm.ucsc-cmps107-pg0.utah.cloudlab.us: b'\x1b[1;32m[2021-01-13T22:09:02,795565386-07:00][INFO] > Existing version of package sysstat: 12.2.0-2\x1b[0m\n'
[2] 22:09:02 [SUCCESS] node-1.arm.ucsc-cmps107-pg0.utah.cloudlab.us
[1;32m[2021-01-13T22:09:02,526059480-07:00][INFO] > Checking version of package sysstat[0m
[1;32m[2021-01-13T22:09:02,795565386-07:00][INFO] > Existing version of package sysstat: 12.2.0-2[0m
node-2.arm.ucsc-cmps107-pg0.utah.cloudlab.us: b'\x1b[1;32m[2021-01-13T22:09:02,824696015-07:00][INFO] > Existing version of package sysstat: 12.2.0-2\x1b[0m\n'
[3] 22:09:02 [SUCCESS] node-2.arm.ucsc-cmps107-pg0.utah.cloudlab.us
[1;32m[2021-01-13T22:09:02,561487305-07:00][INFO] > Checking version of package sysstat[0m
[1;32m[2021-01-13T22:09:02,824696015-07:00][INFO] > Existing version of package sysstat: 12.2.0-2[0m
node-3.arm.ucsc-cmps107-pg0.utah.cloudlab.us: b'\x1b[1;32m[2021-01-13T22:09:02,841109075-07:00][INFO] > Existing version of package sysstat: 12.2.0-2\x1b[0m\n'
[4] 22:09:02 [SUCCESS] node-3.arm.ucsc-cmps107-pg0.utah.cloudlab.us
[1;32m[2021-01-13T22:09:02,571697122-07:00][INFO] > Checking version of package sysstat[0m
[1;32m[2021-01-13T22:09:02,841109075-07:00][INFO] > Existing version of package sysstat: 12.2.0-2[0m
[1;30m[2021-01-13T22:09:02,886333829-07:00][DEBUG] HOST_PARAMS: ['--host', '10.10.1.2', '--host', 'node-2.arm.ucsc-cmps107-pg0.utah.cloudlab.us', '--host', 'node-1.arm.ucsc-cmps107-pg0.utah.cloudlab.us', '--host', 'node-3.arm.ucsc-cmps107-pg0.utah.cloudlab.us'][0m
[1;30m[2021-01-13T22:09:02,889004364-07:00][DEBUG] SCRIPT_FILE: install/general_package[0m
[1;30m[2021-01-13T22:09:02,893301656-07:00][DEBUG] REMOTE_ENVS: ['PACKAGE_NAME=lshw', 'MIN_PACKAGE_VERSION=02.17-1', 'INFO_LEVEL=1'][0m

# /users/ljishen/Downloads/ceph-research/scripts/parallel-exec-script:191 -  > /users/ljishen/Downloads/ceph-research/scripts/parallel-ssh --host 10.10.1.2 --host node-2.arm.ucsc-cmps107-pg0.utah.cloudlab.us --host node-1.arm.ucsc-cmps107-pg0.utah.cloudlab.us --host node-3.arm.ucsc-cmps107-pg0.utah.cloudlab.us sudo PACKAGE_NAME=lshw MIN_PACKAGE_VERSION=02.17-1 INFO_LEVEL=1 bash

# /users/ljishen/Downloads/ceph-research/scripts/parallel-ssh:19 -  > parallel-ssh --par 5 --timeout 0 --extra-args '-o GlobalKnownHostsFile=/dev/null -o LogLevel=ERROR -o PasswordAuthentication=no -o StrictHostKeyChecking=no -o UserKnownHostsFile=/dev/null' --inline --send-input --print --host 10.10.1.2 --host node-2.arm.ucsc-cmps107-pg0.utah.cloudlab.us --host node-1.arm.ucsc-cmps107-pg0.utah.cloudlab.us --host node-3.arm.ucsc-cmps107-pg0.utah.cloudlab.us sudo PACKAGE_NAME=lshw MIN_PACKAGE_VERSION=02.17-1 INFO_LEVEL=1 bash
node-2.arm.ucsc-cmps107-pg0.utah.cloudlab.us: b'\x1b[1;32m[2021-01-13T22:09:03,333528524-07:00][INFO] > Checking version of package lshw\x1b[0m\n'
10.10.1.2: b'\x1b[1;32m[2021-01-13T22:09:03,336198718-07:00][INFO] > Checking version of package lshw\x1b[0m\n'
node-1.arm.ucsc-cmps107-pg0.utah.cloudlab.us: b'\x1b[1;32m[2021-01-13T22:09:03,345534721-07:00][INFO] > Checking version of package lshw\x1b[0m\n'
node-3.arm.ucsc-cmps107-pg0.utah.cloudlab.us: b'\x1b[1;32m[2021-01-13T22:09:03,343509002-07:00][INFO] > Checking version of package lshw\x1b[0m\n'
node-2.arm.ucsc-cmps107-pg0.utah.cloudlab.us: b'\x1b[1;32m[2021-01-13T22:09:03,483640376-07:00][INFO] > Existing version of package lshw: 02.18.85-0.3ubuntu2\x1b[0m\n'
10.10.1.2: b'\x1b[1;32m[2021-01-13T22:09:03,485735376-07:00][INFO] > Existing version of package lshw: 02.18.85-0.3ubuntu2\x1b[0m\n'
[1] 22:09:03 [SUCCESS] node-2.arm.ucsc-cmps107-pg0.utah.cloudlab.us
[1;32m[2021-01-13T22:09:03,333528524-07:00][INFO] > Checking version of package lshw[0m
[1;32m[2021-01-13T22:09:03,483640376-07:00][INFO] > Existing version of package lshw: 02.18.85-0.3ubuntu2[0m
[2] 22:09:03 [SUCCESS] 10.10.1.2
[1;32m[2021-01-13T22:09:03,336198718-07:00][INFO] > Checking version of package lshw[0m
[1;32m[2021-01-13T22:09:03,485735376-07:00][INFO] > Existing version of package lshw: 02.18.85-0.3ubuntu2[0m
node-3.arm.ucsc-cmps107-pg0.utah.cloudlab.us: b'\x1b[1;32m[2021-01-13T22:09:03,492618840-07:00][INFO] > Existing version of package lshw: 02.18.85-0.3ubuntu2\x1b[0m\n'
node-1.arm.ucsc-cmps107-pg0.utah.cloudlab.us: b'\x1b[1;32m[2021-01-13T22:09:03,495716987-07:00][INFO] > Existing version of package lshw: 02.18.85-0.3ubuntu2\x1b[0m\n'
[3] 22:09:03 [SUCCESS] node-3.arm.ucsc-cmps107-pg0.utah.cloudlab.us
[1;32m[2021-01-13T22:09:03,343509002-07:00][INFO] > Checking version of package lshw[0m
[1;32m[2021-01-13T22:09:03,492618840-07:00][INFO] > Existing version of package lshw: 02.18.85-0.3ubuntu2[0m
[4] 22:09:03 [SUCCESS] node-1.arm.ucsc-cmps107-pg0.utah.cloudlab.us
[1;32m[2021-01-13T22:09:03,345534721-07:00][INFO] > Checking version of package lshw[0m
[1;32m[2021-01-13T22:09:03,495716987-07:00][INFO] > Existing version of package lshw: 02.18.85-0.3ubuntu2[0m


[1;33m[2021-01-13T22:09:03,524154743-07:00][STAGE] Create logical volumes on OSD hosts...[0m
[1;30m[2021-01-13T22:09:03,540922711-07:00][DEBUG] HOST_PARAMS: ['--host', 'node-2.arm.ucsc-cmps107-pg0.utah.cloudlab.us', '--host', 'node-1.arm.ucsc-cmps107-pg0.utah.cloudlab.us', '--host', 'node-3.arm.ucsc-cmps107-pg0.utah.cloudlab.us'][0m
[1;30m[2021-01-13T22:09:03,543576066-07:00][DEBUG] SCRIPT_FILE: ceph_volume/cloudlab/m400[0m
[1;30m[2021-01-13T22:09:03,547675019-07:00][DEBUG] REMOTE_ENVS: ['INFO_LEVEL=1', 'CEPH_VOLUME_OPERATION=CREATE'][0m

# /users/ljishen/Downloads/ceph-research/scripts/parallel-exec-script:191 -  > /users/ljishen/Downloads/ceph-research/scripts/parallel-ssh --host node-2.arm.ucsc-cmps107-pg0.utah.cloudlab.us --host node-1.arm.ucsc-cmps107-pg0.utah.cloudlab.us --host node-3.arm.ucsc-cmps107-pg0.utah.cloudlab.us sudo INFO_LEVEL=1 CEPH_VOLUME_OPERATION=CREATE bash

# /users/ljishen/Downloads/ceph-research/scripts/parallel-ssh:19 -  > parallel-ssh --par 5 --timeout 0 --extra-args '-o GlobalKnownHostsFile=/dev/null -o LogLevel=ERROR -o PasswordAuthentication=no -o StrictHostKeyChecking=no -o UserKnownHostsFile=/dev/null' --inline --send-input --print --host node-2.arm.ucsc-cmps107-pg0.utah.cloudlab.us --host node-1.arm.ucsc-cmps107-pg0.utah.cloudlab.us --host node-3.arm.ucsc-cmps107-pg0.utah.cloudlab.us sudo INFO_LEVEL=1 CEPH_VOLUME_OPERATION=CREATE bash
node-2.arm.ucsc-cmps107-pg0.utah.cloudlab.us: b'\x1b[1;32m[2021-01-13T22:09:04,015005736-07:00][INFO] > Partition /dev/sda2 already created. Destroying it...\x1b[0m\n\n'
node-1.arm.ucsc-cmps107-pg0.utah.cloudlab.us: b'\x1b[1;32m[2021-01-13T22:09:04,023122173-07:00][INFO] > Partition /dev/sda2 already created. Destroying it...\x1b[0m\n'
node-1.arm.ucsc-cmps107-pg0.utah.cloudlab.us: b'\n'
node-3.arm.ucsc-cmps107-pg0.utah.cloudlab.us: b'\x1b[1;32m[2021-01-13T22:09:04,025464417-07:00][INFO] > Partition /dev/sda2 already created. Destroying it...\x1b[0m\n'
node-3.arm.ucsc-cmps107-pg0.utah.cloudlab.us: b'\n'
node-2.arm.ucsc-cmps107-pg0.utah.cloudlab.us: b'  Logical volume "ceph-lv-42c60905-6fe9-4fe9-a7b4-80dcb5855da2" successfully removed\n'
node-2.arm.ucsc-cmps107-pg0.utah.cloudlab.us: b'  Volume group "ceph-2bab1754-0c82-4200-9977-5e5fabbf42b9" successfully removed\n'
node-3.arm.ucsc-cmps107-pg0.utah.cloudlab.us: b'  Logical volume "ceph-lv-f9d1becb-9779-4ed0-9d84-c5297dff8d34" successfully removed\n'
node-2.arm.ucsc-cmps107-pg0.utah.cloudlab.us: b'\n'
node-1.arm.ucsc-cmps107-pg0.utah.cloudlab.us: b'  Logical volume "ceph-lv-3be44922-9b7f-40a7-aefd-2b21c6ed287e" successfully removed\n'
node-3.arm.ucsc-cmps107-pg0.utah.cloudlab.us: b'  Volume group "ceph-529eeb42-08c5-4909-bf16-7315562a55f4" successfully removed\n'
node-1.arm.ucsc-cmps107-pg0.utah.cloudlab.us: b'  Volume group "ceph-c0402859-2417-4132-8f6b-75c6a657176b" successfully removed\n'
node-1.arm.ucsc-cmps107-pg0.utah.cloudlab.us: b'\n'
node-3.arm.ucsc-cmps107-pg0.utah.cloudlab.us: b'\n'
node-2.arm.ucsc-cmps107-pg0.utah.cloudlab.us: b'\n'
node-1.arm.ucsc-cmps107-pg0.utah.cloudlab.us: b'\n'
node-2.arm.ucsc-cmps107-pg0.utah.cloudlab.us: b'  Volume group "ceph-989fd443-4554-45ab-830a-a5fac540fe1e" successfully created\n'
node-1.arm.ucsc-cmps107-pg0.utah.cloudlab.us: b'  Volume group "ceph-dd1b6838-c6c5-4984-bd30-cee002b8f5b6" successfully created\n'
node-2.arm.ucsc-cmps107-pg0.utah.cloudlab.us: b'\n'
node-1.arm.ucsc-cmps107-pg0.utah.cloudlab.us: b'\n'
node-3.arm.ucsc-cmps107-pg0.utah.cloudlab.us: b'\n'
node-2.arm.ucsc-cmps107-pg0.utah.cloudlab.us: b'  Logical volume "ceph-lv-2ef1316d-5014-4584-b59d-cac9317e4a67" created.\n'
node-3.arm.ucsc-cmps107-pg0.utah.cloudlab.us: b'  Volume group "ceph-c4676ae0-1634-477f-9c3c-a97c3f1a15db" successfully created\n'
node-1.arm.ucsc-cmps107-pg0.utah.cloudlab.us: b'  Logical volume "ceph-lv-52800f88-9c50-4fbb-b1f0-e2f81e0ae5c5" created.\n'
node-3.arm.ucsc-cmps107-pg0.utah.cloudlab.us: b'\n'
node-2.arm.ucsc-cmps107-pg0.utah.cloudlab.us: b'  --- Logical volume ---\n  LV Path                /dev/ceph-989fd443-4554-45ab-830a-a5fac540fe1e/ceph-lv-2ef1316d-5014-4584-b59d-cac9317e4a67\n  LV Name                ceph-lv-2ef1316d-5014-4584-b59d-cac9317e4a67\n  VG Name                ceph-989fd443-4554-45ab-830a-a5fac540fe1e\n  LV UUID                ZmXE1p-G8OG-9BC0-24qo-SXfM-522J-WMSX4J\n  LV Write Access        read/write\n'
node-2.arm.ucsc-cmps107-pg0.utah.cloudlab.us: b'  LV Creation host, time node-2.arm.ucsc-cmps107-pg0.utah.cloudlab.us, 2021-01-13 22:09:07 -0700\n  LV Status              available\n  # open                 0\n  LV Size                <95.79 GiB\n  Current LE             24521\n  Segments               1\n  Allocation             inherit\n  Read ahead sectors     auto\n  - currently set to     256\n  Block device           253:0\n   \n'
node-1.arm.ucsc-cmps107-pg0.utah.cloudlab.us: b'  --- Logical volume ---\n  LV Path                /dev/ceph-dd1b6838-c6c5-4984-bd30-cee002b8f5b6/ceph-lv-52800f88-9c50-4fbb-b1f0-e2f81e0ae5c5\n  LV Name                ceph-lv-52800f88-9c50-4fbb-b1f0-e2f81e0ae5c5\n  VG Name                ceph-dd1b6838-c6c5-4984-bd30-cee002b8f5b6\n  LV UUID                3bqyUu-vpXv-bkaG-mbOn-RK0C-n8Em-o99cjp\n  LV Write Access        read/write\n'
node-1.arm.ucsc-cmps107-pg0.utah.cloudlab.us: b'  LV Creation host, time node-1.arm.ucsc-cmps107-pg0.utah.cloudlab.us, 2021-01-13 22:09:07 -0700\n  LV Status              available\n  # open                 0\n  LV Size                <95.79 GiB\n  Current LE             24521\n  Segments               1\n  Allocation             inherit\n  Read ahead sectors     auto\n  - currently set to     256\n  Block device           253:0\n   \n'
node-2.arm.ucsc-cmps107-pg0.utah.cloudlab.us: b'\x1b[1;32m[2021-01-13T22:09:07,306989879-07:00][INFO] > Successfully created Logical Volume: ceph-989fd443-4554-45ab-830a-a5fac540fe1e/ceph-lv-2ef1316d-5014-4584-b59d-cac9317e4a67\x1b[0m\n'
[1] 22:09:07 [SUCCESS] node-2.arm.ucsc-cmps107-pg0.utah.cloudlab.us
[1;32m[2021-01-13T22:09:04,015005736-07:00][INFO] > Partition /dev/sda2 already created. Destroying it...[0m

  Logical volume "ceph-lv-42c60905-6fe9-4fe9-a7b4-80dcb5855da2" successfully removed
  Volume group "ceph-2bab1754-0c82-4200-9977-5e5fabbf42b9" successfully removed


  Volume group "ceph-989fd443-4554-45ab-830a-a5fac540fe1e" successfully created

  Logical volume "ceph-lv-2ef1316d-5014-4584-b59d-cac9317e4a67" created.
  --- Logical volume ---
  LV Path                /dev/ceph-989fd443-4554-45ab-830a-a5fac540fe1e/ceph-lv-2ef1316d-5014-4584-b59d-cac9317e4a67
  LV Name                ceph-lv-2ef1316d-5014-4584-b59d-cac9317e4a67
  VG Name                ceph-989fd443-4554-45ab-830a-a5fac540fe1e
  LV UUID                ZmXE1p-G8OG-9BC0-24qo-SXfM-522J-WMSX4J
  LV Write Access        read/write
  LV Creation host, time node-2.arm.ucsc-cmps107-pg0.utah.cloudlab.us, 2021-01-13 22:09:07 -0700
  LV Status              available
  # open                 0
  LV Size                <95.79 GiB
  Current LE             24521
  Segments               1
  Allocation             inherit
  Read ahead sectors     auto
  - currently set to     256
  Block device           253:0
   
[1;32m[2021-01-13T22:09:07,306989879-07:00][INFO] > Successfully created Logical Volume: ceph-989fd443-4554-45ab-830a-a5fac540fe1e/ceph-lv-2ef1316d-5014-4584-b59d-cac9317e4a67[0m
Stderr: # main:181 - create_lvs() > pvs --noheadings --readonly --options vg_name --select pv_name=/dev/sda2
# main:183 - create_lvs() > xargs -I '{}' vgremove --force --verbose '{}'
  Removing ceph--2bab1754--0c82--4200--9977--5e5fabbf42b9-ceph--lv--42c60905--6fe9--4fe9--a7b4--80dcb5855da2 (253:0)
  Archiving volume group "ceph-2bab1754-0c82-4200-9977-5e5fabbf42b9" metadata (seqno 3).
  Releasing logical volume "ceph-lv-42c60905-6fe9-4fe9-a7b4-80dcb5855da2"
  Creating volume group backup "/etc/lvm/backup/ceph-2bab1754-0c82-4200-9977-5e5fabbf42b9" (seqno 4).
  Removing physical volume "/dev/sda2" from volume group "ceph-2bab1754-0c82-4200-9977-5e5fabbf42b9"
# main:192 - create_lvs() > parted --script -- /dev/sda rm 2
# main:208 - create_lvs() > vgcreate --force --yes ceph-989fd443-4554-45ab-830a-a5fac540fe1e /dev/sda2
# main:214 - create_lvs() > lvcreate --yes -l 100%FREE -n ceph-lv-2ef1316d-5014-4584-b59d-cac9317e4a67 ceph-989fd443-4554-45ab-830a-a5fac540fe1e
node-1.arm.ucsc-cmps107-pg0.utah.cloudlab.us: b'\x1b[1;32m[2021-01-13T22:09:07,325815811-07:00][INFO] > Successfully created Logical Volume: ceph-dd1b6838-c6c5-4984-bd30-cee002b8f5b6/ceph-lv-52800f88-9c50-4fbb-b1f0-e2f81e0ae5c5\x1b[0m\n'
[2] 22:09:07 [SUCCESS] node-1.arm.ucsc-cmps107-pg0.utah.cloudlab.us
[1;32m[2021-01-13T22:09:04,023122173-07:00][INFO] > Partition /dev/sda2 already created. Destroying it...[0m

  Logical volume "ceph-lv-3be44922-9b7f-40a7-aefd-2b21c6ed287e" successfully removed
  Volume group "ceph-c0402859-2417-4132-8f6b-75c6a657176b" successfully removed


  Volume group "ceph-dd1b6838-c6c5-4984-bd30-cee002b8f5b6" successfully created

  Logical volume "ceph-lv-52800f88-9c50-4fbb-b1f0-e2f81e0ae5c5" created.
  --- Logical volume ---
  LV Path                /dev/ceph-dd1b6838-c6c5-4984-bd30-cee002b8f5b6/ceph-lv-52800f88-9c50-4fbb-b1f0-e2f81e0ae5c5
  LV Name                ceph-lv-52800f88-9c50-4fbb-b1f0-e2f81e0ae5c5
  VG Name                ceph-dd1b6838-c6c5-4984-bd30-cee002b8f5b6
  LV UUID                3bqyUu-vpXv-bkaG-mbOn-RK0C-n8Em-o99cjp
  LV Write Access        read/write
  LV Creation host, time node-1.arm.ucsc-cmps107-pg0.utah.cloudlab.us, 2021-01-13 22:09:07 -0700
  LV Status              available
  # open                 0
  LV Size                <95.79 GiB
  Current LE             24521
  Segments               1
  Allocation             inherit
  Read ahead sectors     auto
  - currently set to     256
  Block device           253:0
   
[1;32m[2021-01-13T22:09:07,325815811-07:00][INFO] > Successfully created Logical Volume: ceph-dd1b6838-c6c5-4984-bd30-cee002b8f5b6/ceph-lv-52800f88-9c50-4fbb-b1f0-e2f81e0ae5c5[0m
Stderr: # main:181 - create_lvs() > pvs --noheadings --readonly --options vg_name --select pv_name=/dev/sda2
# main:183 - create_lvs() > xargs -I '{}' vgremove --force --verbose '{}'
  Removing ceph--c0402859--2417--4132--8f6b--75c6a657176b-ceph--lv--3be44922--9b7f--40a7--aefd--2b21c6ed287e (253:0)
  Archiving volume group "ceph-c0402859-2417-4132-8f6b-75c6a657176b" metadata (seqno 3).
  Releasing logical volume "ceph-lv-3be44922-9b7f-40a7-aefd-2b21c6ed287e"
  Creating volume group backup "/etc/lvm/backup/ceph-c0402859-2417-4132-8f6b-75c6a657176b" (seqno 4).
  Removing physical volume "/dev/sda2" from volume group "ceph-c0402859-2417-4132-8f6b-75c6a657176b"
# main:192 - create_lvs() > parted --script -- /dev/sda rm 2
# main:208 - create_lvs() > vgcreate --force --yes ceph-dd1b6838-c6c5-4984-bd30-cee002b8f5b6 /dev/sda2
# main:214 - create_lvs() > lvcreate --yes -l 100%FREE -n ceph-lv-52800f88-9c50-4fbb-b1f0-e2f81e0ae5c5 ceph-dd1b6838-c6c5-4984-bd30-cee002b8f5b6
node-3.arm.ucsc-cmps107-pg0.utah.cloudlab.us: b'  Logical volume "ceph-lv-a978de15-1aa0-42d3-a4fd-26d0f86c7e93" created.\n'
node-3.arm.ucsc-cmps107-pg0.utah.cloudlab.us: b'  --- Logical volume ---\n  LV Path                /dev/ceph-c4676ae0-1634-477f-9c3c-a97c3f1a15db/ceph-lv-a978de15-1aa0-42d3-a4fd-26d0f86c7e93\n  LV Name                ceph-lv-a978de15-1aa0-42d3-a4fd-26d0f86c7e93\n  VG Name                ceph-c4676ae0-1634-477f-9c3c-a97c3f1a15db\n  LV UUID                G0SeoS-ia7Z-iXOl-LHIw-9YLq-wsQz-EzEwuC\n  LV Write Access        read/write\n'
node-3.arm.ucsc-cmps107-pg0.utah.cloudlab.us: b'  LV Creation host, time node-3.arm.ucsc-cmps107-pg0.utah.cloudlab.us, 2021-01-13 22:09:07 -0700\n  LV Status              available\n  # open                 0\n  LV Size                <95.79 GiB\n  Current LE             24521\n  Segments               1\n  Allocation             inherit\n  Read ahead sectors     auto\n  - currently set to     256\n  Block device           253:0\n   \n'
node-3.arm.ucsc-cmps107-pg0.utah.cloudlab.us: b'\x1b[1;32m[2021-01-13T22:09:07,452543278-07:00][INFO] > Successfully created Logical Volume: ceph-c4676ae0-1634-477f-9c3c-a97c3f1a15db/ceph-lv-a978de15-1aa0-42d3-a4fd-26d0f86c7e93\x1b[0m\n'
[3] 22:09:07 [SUCCESS] node-3.arm.ucsc-cmps107-pg0.utah.cloudlab.us
[1;32m[2021-01-13T22:09:04,025464417-07:00][INFO] > Partition /dev/sda2 already created. Destroying it...[0m

  Logical volume "ceph-lv-f9d1becb-9779-4ed0-9d84-c5297dff8d34" successfully removed
  Volume group "ceph-529eeb42-08c5-4909-bf16-7315562a55f4" successfully removed


  Volume group "ceph-c4676ae0-1634-477f-9c3c-a97c3f1a15db" successfully created

  Logical volume "ceph-lv-a978de15-1aa0-42d3-a4fd-26d0f86c7e93" created.
  --- Logical volume ---
  LV Path                /dev/ceph-c4676ae0-1634-477f-9c3c-a97c3f1a15db/ceph-lv-a978de15-1aa0-42d3-a4fd-26d0f86c7e93
  LV Name                ceph-lv-a978de15-1aa0-42d3-a4fd-26d0f86c7e93
  VG Name                ceph-c4676ae0-1634-477f-9c3c-a97c3f1a15db
  LV UUID                G0SeoS-ia7Z-iXOl-LHIw-9YLq-wsQz-EzEwuC
  LV Write Access        read/write
  LV Creation host, time node-3.arm.ucsc-cmps107-pg0.utah.cloudlab.us, 2021-01-13 22:09:07 -0700
  LV Status              available
  # open                 0
  LV Size                <95.79 GiB
  Current LE             24521
  Segments               1
  Allocation             inherit
  Read ahead sectors     auto
  - currently set to     256
  Block device           253:0
   
[1;32m[2021-01-13T22:09:07,452543278-07:00][INFO] > Successfully created Logical Volume: ceph-c4676ae0-1634-477f-9c3c-a97c3f1a15db/ceph-lv-a978de15-1aa0-42d3-a4fd-26d0f86c7e93[0m
Stderr: # main:181 - create_lvs() > pvs --noheadings --readonly --options vg_name --select pv_name=/dev/sda2
# main:183 - create_lvs() > xargs -I '{}' vgremove --force --verbose '{}'
  Removing ceph--529eeb42--08c5--4909--bf16--7315562a55f4-ceph--lv--f9d1becb--9779--4ed0--9d84--c5297dff8d34 (253:0)
  Archiving volume group "ceph-529eeb42-08c5-4909-bf16-7315562a55f4" metadata (seqno 3).
  Releasing logical volume "ceph-lv-f9d1becb-9779-4ed0-9d84-c5297dff8d34"
  Creating volume group backup "/etc/lvm/backup/ceph-529eeb42-08c5-4909-bf16-7315562a55f4" (seqno 4).
  Removing physical volume "/dev/sda2" from volume group "ceph-529eeb42-08c5-4909-bf16-7315562a55f4"
# main:192 - create_lvs() > parted --script -- /dev/sda rm 2
# main:208 - create_lvs() > vgcreate --force --yes ceph-c4676ae0-1634-477f-9c3c-a97c3f1a15db /dev/sda2
# main:214 - create_lvs() > lvcreate --yes -l 100%FREE -n ceph-lv-a978de15-1aa0-42d3-a4fd-26d0f86c7e93 ceph-c4676ae0-1634-477f-9c3c-a97c3f1a15db


[1;33m[2021-01-13T22:09:07,479184803-07:00][STAGE] Query logical volumes on OSD hosts...[0m
# /users/ljishen/Downloads/ceph-research/scripts/parallel-exec-script:191 -  > /users/ljishen/Downloads/ceph-research/scripts/parallel-ssh --host node-2.arm.ucsc-cmps107-pg0.utah.cloudlab.us sudo CEPH_VOLUME_OPERATION=QUERY INFO_LEVEL=0 bash
# /users/ljishen/Downloads/ceph-research/scripts/parallel-ssh:19 -  > parallel-ssh --par 5 --timeout 0 --extra-args '-o GlobalKnownHostsFile=/dev/null -o LogLevel=ERROR -o PasswordAuthentication=no -o StrictHostKeyChecking=no -o UserKnownHostsFile=/dev/null' --inline --send-input --print --host node-2.arm.ucsc-cmps107-pg0.utah.cloudlab.us sudo CEPH_VOLUME_OPERATION=QUERY INFO_LEVEL=0 bash
# /users/ljishen/Downloads/ceph-research/scripts/parallel-exec-script:191 -  > /users/ljishen/Downloads/ceph-research/scripts/parallel-ssh --host node-1.arm.ucsc-cmps107-pg0.utah.cloudlab.us sudo CEPH_VOLUME_OPERATION=QUERY INFO_LEVEL=0 bash
# /users/ljishen/Downloads/ceph-research/scripts/parallel-ssh:19 -  > parallel-ssh --par 5 --timeout 0 --extra-args '-o GlobalKnownHostsFile=/dev/null -o LogLevel=ERROR -o PasswordAuthentication=no -o StrictHostKeyChecking=no -o UserKnownHostsFile=/dev/null' --inline --send-input --print --host node-1.arm.ucsc-cmps107-pg0.utah.cloudlab.us sudo CEPH_VOLUME_OPERATION=QUERY INFO_LEVEL=0 bash
# /users/ljishen/Downloads/ceph-research/scripts/parallel-exec-script:191 -  > /users/ljishen/Downloads/ceph-research/scripts/parallel-ssh --host node-3.arm.ucsc-cmps107-pg0.utah.cloudlab.us sudo CEPH_VOLUME_OPERATION=QUERY INFO_LEVEL=0 bash
# /users/ljishen/Downloads/ceph-research/scripts/parallel-ssh:19 -  > parallel-ssh --par 5 --timeout 0 --extra-args '-o GlobalKnownHostsFile=/dev/null -o LogLevel=ERROR -o PasswordAuthentication=no -o StrictHostKeyChecking=no -o UserKnownHostsFile=/dev/null' --inline --send-input --print --host node-3.arm.ucsc-cmps107-pg0.utah.cloudlab.us sudo CEPH_VOLUME_OPERATION=QUERY INFO_LEVEL=0 bash
[1;30m[2021-01-13T22:09:09,514023795-07:00][DEBUG] host_id_to_host_repr: ['osd.0 => node-2.arm.ucsc-cmps107-pg0.utah.cloudlab.us', 'osd.1 => node-1.arm.ucsc-cmps107-pg0.utah.cloudlab.us', 'osd.2 => node-3.arm.ucsc-cmps107-pg0.utah.cloudlab.us'][0m


[1;33m[2021-01-13T22:09:09,519106205-07:00][STAGE] Dump hardware information from cluster hosts...[0m

# ./bench-ceph-res-util:192 - dump_hardware_info() > ssh -o GlobalKnownHostsFile=/dev/null -o LogLevel=ERROR -o PasswordAuthentication=no -o StrictHostKeyChecking=no -o UserKnownHostsFile=/dev/null ljishen@10.10.1.2 sudo lshw -html

# ./bench-ceph-res-util:192 - dump_hardware_info() > ssh -o GlobalKnownHostsFile=/dev/null -o LogLevel=ERROR -o PasswordAuthentication=no -o StrictHostKeyChecking=no -o UserKnownHostsFile=/dev/null ljishen@node-2.arm.ucsc-cmps107-pg0.utah.cloudlab.us sudo lshw -html

# ./bench-ceph-res-util:192 - dump_hardware_info() > ssh -o GlobalKnownHostsFile=/dev/null -o LogLevel=ERROR -o PasswordAuthentication=no -o StrictHostKeyChecking=no -o UserKnownHostsFile=/dev/null ljishen@node-1.arm.ucsc-cmps107-pg0.utah.cloudlab.us sudo lshw -html

# ./bench-ceph-res-util:192 - dump_hardware_info() > ssh -o GlobalKnownHostsFile=/dev/null -o LogLevel=ERROR -o PasswordAuthentication=no -o StrictHostKeyChecking=no -o UserKnownHostsFile=/dev/null ljishen@node-3.arm.ucsc-cmps107-pg0.utah.cloudlab.us sudo lshw -html
[1;30m[2021-01-13T22:09:16,896186894-07:00][DEBUG] suggested_pg_count: 128 (pool_size=2, num_osds=3)[0m
[1;30m[2021-01-13T22:09:16,900461666-07:00][DEBUG] num_pgs_arr: ['32', '64', '128', '256'][0m


[1;7;39;49m[2021-01-13T22:09:16,907113013-07:00][RUNNING][ROUND 1/12] object_size_bytes=1048576 (1048576..16777216), pool_size=2 (2..2), num_pgs=32 (32..256), num_rm_osds=1 (1..1)[0m



[1;33m[2021-01-13T22:09:16,909981788-07:00][STAGE] Launch the system activity collection service on cluster hosts...[0m
[1;30m[2021-01-13T22:09:16,934190322-07:00][DEBUG] HOST_PARAMS: ['--host', '10.10.1.2', '--host', 'node-2.arm.ucsc-cmps107-pg0.utah.cloudlab.us', '--host', 'node-1.arm.ucsc-cmps107-pg0.utah.cloudlab.us', '--host', 'node-3.arm.ucsc-cmps107-pg0.utah.cloudlab.us'][0m
[1;30m[2021-01-13T22:09:16,937135977-07:00][DEBUG] SCRIPT_FILE: service/sar[0m
[1;30m[2021-01-13T22:09:16,941624048-07:00][DEBUG] REMOTE_ENVS: ['INFO_LEVEL=1', 'SERVICE_OPERATION=RESTART'][0m

# /users/ljishen/Downloads/ceph-research/scripts/parallel-exec-script:191 -  > /users/ljishen/Downloads/ceph-research/scripts/parallel-ssh --host 10.10.1.2 --host node-2.arm.ucsc-cmps107-pg0.utah.cloudlab.us --host node-1.arm.ucsc-cmps107-pg0.utah.cloudlab.us --host node-3.arm.ucsc-cmps107-pg0.utah.cloudlab.us sudo INFO_LEVEL=1 SERVICE_OPERATION=RESTART bash

# /users/ljishen/Downloads/ceph-research/scripts/parallel-ssh:19 -  > parallel-ssh --par 5 --timeout 0 --extra-args '-o GlobalKnownHostsFile=/dev/null -o LogLevel=ERROR -o PasswordAuthentication=no -o StrictHostKeyChecking=no -o UserKnownHostsFile=/dev/null' --inline --send-input --print --host 10.10.1.2 --host node-2.arm.ucsc-cmps107-pg0.utah.cloudlab.us --host node-1.arm.ucsc-cmps107-pg0.utah.cloudlab.us --host node-3.arm.ucsc-cmps107-pg0.utah.cloudlab.us sudo INFO_LEVEL=1 SERVICE_OPERATION=RESTART bash
node-2.arm.ucsc-cmps107-pg0.utah.cloudlab.us: b'\x1b[1;32m[2021-01-13T22:09:17,409133288-07:00][INFO] > Stopping existing sar daemons\x1b[0m\n\n'
10.10.1.2: b'\x1b[1;32m[2021-01-13T22:09:17,412425678-07:00][INFO] > Stopping existing sar daemons\x1b[0m\n'
10.10.1.2: b'\n'
node-3.arm.ucsc-cmps107-pg0.utah.cloudlab.us: b'\x1b[1;32m[2021-01-13T22:09:17,415700508-07:00][INFO] > Stopping existing sar daemons\x1b[0m\n\n'
node-1.arm.ucsc-cmps107-pg0.utah.cloudlab.us: b'\x1b[1;32m[2021-01-13T22:09:17,461756005-07:00][INFO] > Stopping existing sar daemons\x1b[0m\n\n'
10.10.1.2: b'\x1b[1;32m[2021-01-13T22:09:17,463638641-07:00][INFO] > Starting a new sar daemon\x1b[0m\n'
10.10.1.2: b'\n'
node-2.arm.ucsc-cmps107-pg0.utah.cloudlab.us: b'\x1b[1;32m[2021-01-13T22:09:17,463632550-07:00][INFO] > Starting a new sar daemon\x1b[0m\n\n'
node-3.arm.ucsc-cmps107-pg0.utah.cloudlab.us: b'\x1b[1;32m[2021-01-13T22:09:17,468101048-07:00][INFO] > Starting a new sar daemon\x1b[0m\n\n'
[1] 22:09:17 [SUCCESS] 10.10.1.2
[1;32m[2021-01-13T22:09:17,412425678-07:00][INFO] > Stopping existing sar daemons[0m

[1;32m[2021-01-13T22:09:17,463638641-07:00][INFO] > Starting a new sar daemon[0m

Stderr: # main:179 - restart_service() > pkill -TERM --euid root --exact sar
# main:187 - restart_service() > S_TIME_FORMAT=ISO
# main:187 - restart_service() > sar -A -o /tmp/sys_activity_2021-01-13T22:09:17-07:00.dat 5
[2] 22:09:17 [SUCCESS] node-2.arm.ucsc-cmps107-pg0.utah.cloudlab.us
[1;32m[2021-01-13T22:09:17,409133288-07:00][INFO] > Stopping existing sar daemons[0m

[1;32m[2021-01-13T22:09:17,463632550-07:00][INFO] > Starting a new sar daemon[0m

Stderr: # main:179 - restart_service() > pkill -TERM --euid root --exact sar
# main:187 - restart_service() > S_TIME_FORMAT=ISO
# main:187 - restart_service() > sar -A -o /tmp/sys_activity_2021-01-13T22:09:17-07:00.dat 5
[3] 22:09:17 [SUCCESS] node-3.arm.ucsc-cmps107-pg0.utah.cloudlab.us
[1;32m[2021-01-13T22:09:17,415700508-07:00][INFO] > Stopping existing sar daemons[0m

[1;32m[2021-01-13T22:09:17,468101048-07:00][INFO] > Starting a new sar daemon[0m

Stderr: # main:179 - restart_service() > pkill -TERM --euid root --exact sar
# main:187 - restart_service() > S_TIME_FORMAT=ISO
# main:187 - restart_service() > sar -A -o /tmp/sys_activity_2021-01-13T22:09:17-07:00.dat 5
node-1.arm.ucsc-cmps107-pg0.utah.cloudlab.us: b'\x1b[1;32m[2021-01-13T22:09:17,518570248-07:00][INFO] > Starting a new sar daemon\x1b[0m\n\n'
[4] 22:09:17 [SUCCESS] node-1.arm.ucsc-cmps107-pg0.utah.cloudlab.us
[1;32m[2021-01-13T22:09:17,461756005-07:00][INFO] > Stopping existing sar daemons[0m

[1;32m[2021-01-13T22:09:17,518570248-07:00][INFO] > Starting a new sar daemon[0m

Stderr: # main:179 - restart_service() > pkill -TERM --euid root --exact sar
# main:187 - restart_service() > S_TIME_FORMAT=ISO
# main:187 - restart_service() > sar -A -o /tmp/sys_activity_2021-01-13T22:09:17-07:00.dat 5
# /users/ljishen/Downloads/ceph-research/scripts/parallel-exec-script:191 -  > /users/ljishen/Downloads/ceph-research/scripts/parallel-ssh --host node-2.arm.ucsc-cmps107-pg0.utah.cloudlab.us sudo CEPH_VOLUME_OPERATION=QUERY INFO_LEVEL=0 bash
# /users/ljishen/Downloads/ceph-research/scripts/parallel-ssh:19 -  > parallel-ssh --par 5 --timeout 0 --extra-args '-o GlobalKnownHostsFile=/dev/null -o LogLevel=ERROR -o PasswordAuthentication=no -o StrictHostKeyChecking=no -o UserKnownHostsFile=/dev/null' --inline --send-input --print --host node-2.arm.ucsc-cmps107-pg0.utah.cloudlab.us sudo CEPH_VOLUME_OPERATION=QUERY INFO_LEVEL=0 bash
# /users/ljishen/Downloads/ceph-research/scripts/parallel-exec-script:191 -  > /users/ljishen/Downloads/ceph-research/scripts/parallel-ssh --host node-1.arm.ucsc-cmps107-pg0.utah.cloudlab.us sudo CEPH_VOLUME_OPERATION=QUERY INFO_LEVEL=0 bash
# /users/ljishen/Downloads/ceph-research/scripts/parallel-ssh:19 -  > parallel-ssh --par 5 --timeout 0 --extra-args '-o GlobalKnownHostsFile=/dev/null -o LogLevel=ERROR -o PasswordAuthentication=no -o StrictHostKeyChecking=no -o UserKnownHostsFile=/dev/null' --inline --send-input --print --host node-1.arm.ucsc-cmps107-pg0.utah.cloudlab.us sudo CEPH_VOLUME_OPERATION=QUERY INFO_LEVEL=0 bash
# /users/ljishen/Downloads/ceph-research/scripts/parallel-exec-script:191 -  > /users/ljishen/Downloads/ceph-research/scripts/parallel-ssh --host node-3.arm.ucsc-cmps107-pg0.utah.cloudlab.us sudo CEPH_VOLUME_OPERATION=QUERY INFO_LEVEL=0 bash
# /users/ljishen/Downloads/ceph-research/scripts/parallel-ssh:19 -  > parallel-ssh --par 5 --timeout 0 --extra-args '-o GlobalKnownHostsFile=/dev/null -o LogLevel=ERROR -o PasswordAuthentication=no -o StrictHostKeyChecking=no -o UserKnownHostsFile=/dev/null' --inline --send-input --print --host node-3.arm.ucsc-cmps107-pg0.utah.cloudlab.us sudo CEPH_VOLUME_OPERATION=QUERY INFO_LEVEL=0 bash


[1;33m[2021-01-13T22:12:28,233697087-07:00][STAGE] Configure options for the cluster...[0m
[1;32m[2021-01-13T22:12:28,239532476-07:00][INFO] > Set the number of backfill operations to/from an OSD (osd_max_backfills) to 32[0m

## ./bench-ceph-res-util:343 - config_cluster() > shell_cmd
# ./bench-ceph-res-util:343 - config_cluster() > /users/ljishen/Downloads/ceph-research/scripts/parallel-cephadm shell --keyring /users/ljishen/Downloads/ceph-research/scripts/cephadm_target/output/ceph.client.admin.keyring -- ceph config set osd osd_max_backfills 32
[1;30m[2021-01-13T22:12:28,257562722-07:00][DEBUG] HOST_PARAMS: [][0m
[1;30m[2021-01-13T22:12:28,261333595-07:00][DEBUG] CEPHADM_PARAMS: ['shell', '--keyring', '/users/ljishen/Downloads/ceph-research/scripts/cephadm_target/output/ceph.client.admin.keyring', '--', 'ceph', 'config', 'set', 'osd', 'osd_max_backfills', '32'][0m

# /users/ljishen/Downloads/ceph-research/scripts/parallel-cephadm:66 -  > sudo /users/ljishen/Downloads/ceph-research/scripts/cephadm_target/bin/cephadm shell --keyring /users/ljishen/Downloads/ceph-research/scripts/cephadm_target/output/ceph.client.admin.keyring -- ceph config set osd osd_max_backfills 32
Inferring fsid b11af1b0-5626-11eb-b72a-2d65d19e75f1
Inferring config /var/lib/ceph/b11af1b0-5626-11eb-b72a-2d65d19e75f1/mon.node-0.arm.ucsc-cmps107-pg0.utah.cloudlab.us/config
Using recent ceph image ceph/ceph@sha256:37939a3739e4e037dcf1b1f5828058d721d8c6de958212609f9e7d920b9c62bf
[1;32m[2021-01-13T22:12:31,981132925-07:00][INFO] > Set the number of active recovery requests per OSD at one time to 32[0m

## ./bench-ceph-res-util:351 - config_cluster() > shell_cmd
# ./bench-ceph-res-util:351 - config_cluster() > /users/ljishen/Downloads/ceph-research/scripts/parallel-cephadm shell --keyring /users/ljishen/Downloads/ceph-research/scripts/cephadm_target/output/ceph.client.admin.keyring -- ceph config set osd osd_recovery_max_active 32
[1;30m[2021-01-13T22:12:31,999478291-07:00][DEBUG] HOST_PARAMS: [][0m
[1;30m[2021-01-13T22:12:32,003392743-07:00][DEBUG] CEPHADM_PARAMS: ['shell', '--keyring', '/users/ljishen/Downloads/ceph-research/scripts/cephadm_target/output/ceph.client.admin.keyring', '--', 'ceph', 'config', 'set', 'osd', 'osd_recovery_max_active', '32'][0m

# /users/ljishen/Downloads/ceph-research/scripts/parallel-cephadm:66 -  > sudo /users/ljishen/Downloads/ceph-research/scripts/cephadm_target/bin/cephadm shell --keyring /users/ljishen/Downloads/ceph-research/scripts/cephadm_target/output/ceph.client.admin.keyring -- ceph config set osd osd_recovery_max_active 32
Inferring fsid b11af1b0-5626-11eb-b72a-2d65d19e75f1
Inferring config /var/lib/ceph/b11af1b0-5626-11eb-b72a-2d65d19e75f1/mon.node-0.arm.ucsc-cmps107-pg0.utah.cloudlab.us/config
Using recent ceph image ceph/ceph@sha256:37939a3739e4e037dcf1b1f5828058d721d8c6de958212609f9e7d920b9c62bf
[1;32m[2021-01-13T22:12:35,776137674-07:00][INFO] > Set the newly started recovery operations per OSD when recovering to 8[0m

## ./bench-ceph-res-util:359 - config_cluster() > shell_cmd
# ./bench-ceph-res-util:359 - config_cluster() > /users/ljishen/Downloads/ceph-research/scripts/parallel-cephadm shell --keyring /users/ljishen/Downloads/ceph-research/scripts/cephadm_target/output/ceph.client.admin.keyring -- ceph config set osd osd_recovery_max_single_start 8
[1;30m[2021-01-13T22:12:35,794631979-07:00][DEBUG] HOST_PARAMS: [][0m
[1;30m[2021-01-13T22:12:35,798547372-07:00][DEBUG] CEPHADM_PARAMS: ['shell', '--keyring', '/users/ljishen/Downloads/ceph-research/scripts/cephadm_target/output/ceph.client.admin.keyring', '--', 'ceph', 'config', 'set', 'osd', 'osd_recovery_max_single_start', '8'][0m

# /users/ljishen/Downloads/ceph-research/scripts/parallel-cephadm:66 -  > sudo /users/ljishen/Downloads/ceph-research/scripts/cephadm_target/bin/cephadm shell --keyring /users/ljishen/Downloads/ceph-research/scripts/cephadm_target/output/ceph.client.admin.keyring -- ceph config set osd osd_recovery_max_single_start 8
Inferring fsid b11af1b0-5626-11eb-b72a-2d65d19e75f1
Inferring config /var/lib/ceph/b11af1b0-5626-11eb-b72a-2d65d19e75f1/mon.node-0.arm.ucsc-cmps107-pg0.utah.cloudlab.us/config
Using recent ceph image ceph/ceph@sha256:37939a3739e4e037dcf1b1f5828058d721d8c6de958212609f9e7d920b9c62bf
[1;32m[2021-01-13T22:12:39,526896406-07:00][INFO] > Increase the priority for recovery operations to 63 (same as client operations)[0m

## ./bench-ceph-res-util:367 - config_cluster() > shell_cmd
# ./bench-ceph-res-util:367 - config_cluster() > /users/ljishen/Downloads/ceph-research/scripts/parallel-cephadm shell --keyring /users/ljishen/Downloads/ceph-research/scripts/cephadm_target/output/ceph.client.admin.keyring -- ceph config set osd osd_recovery_op_priority 63
[1;30m[2021-01-13T22:12:39,545298392-07:00][DEBUG] HOST_PARAMS: [][0m
[1;30m[2021-01-13T22:12:39,549085205-07:00][DEBUG] CEPHADM_PARAMS: ['shell', '--keyring', '/users/ljishen/Downloads/ceph-research/scripts/cephadm_target/output/ceph.client.admin.keyring', '--', 'ceph', 'config', 'set', 'osd', 'osd_recovery_op_priority', '63'][0m

# /users/ljishen/Downloads/ceph-research/scripts/parallel-cephadm:66 -  > sudo /users/ljishen/Downloads/ceph-research/scripts/cephadm_target/bin/cephadm shell --keyring /users/ljishen/Downloads/ceph-research/scripts/cephadm_target/output/ceph.client.admin.keyring -- ceph config set osd osd_recovery_op_priority 63
Inferring fsid b11af1b0-5626-11eb-b72a-2d65d19e75f1
Inferring config /var/lib/ceph/b11af1b0-5626-11eb-b72a-2d65d19e75f1/mon.node-0.arm.ucsc-cmps107-pg0.utah.cloudlab.us/config
Using recent ceph image ceph/ceph@sha256:37939a3739e4e037dcf1b1f5828058d721d8c6de958212609f9e7d920b9c62bf
[1;32m[2021-01-13T22:12:43,317997183-07:00][INFO] > Show OSD configuration options[0m

# ./bench-ceph-res-util:374 - config_cluster() > grep 'osd_max_backfills\|osd_recovery'
# ./bench-ceph-res-util:374 - config_cluster() > column -t -s ' '
## ./bench-ceph-res-util:373 - config_cluster() > shell_cmd
# ./bench-ceph-res-util:373 - config_cluster() > /users/ljishen/Downloads/ceph-research/scripts/parallel-cephadm shell --keyring /users/ljishen/Downloads/ceph-research/scripts/cephadm_target/output/ceph.client.admin.keyring -- ceph config show-with-defaults osd.0
# /users/ljishen/Downloads/ceph-research/scripts/parallel-cephadm:66 -  > sudo /users/ljishen/Downloads/ceph-research/scripts/cephadm_target/bin/cephadm shell --keyring /users/ljishen/Downloads/ceph-research/scripts/cephadm_target/output/ceph.client.admin.keyring -- ceph config show-with-defaults osd.0
Inferring fsid b11af1b0-5626-11eb-b72a-2d65d19e75f1
Inferring config /var/lib/ceph/b11af1b0-5626-11eb-b72a-2d65d19e75f1/mon.node-0.arm.ucsc-cmps107-pg0.utah.cloudlab.us/config
Using recent ceph image ceph/ceph@sha256:37939a3739e4e037dcf1b1f5828058d721d8c6de958212609f9e7d920b9c62bf
osd_max_backfills                        32         mon
osd_recovery_cost                        20971520   default
osd_recovery_delay_start                 0.000000   default
osd_recovery_max_active                  32         mon
osd_recovery_max_active_hdd              3          default
osd_recovery_max_active_ssd              10         default
osd_recovery_max_chunk                   8388608    default
osd_recovery_max_omap_entries_per_chunk  8096       default
osd_recovery_max_single_start            8          mon
osd_recovery_op_priority                 63         mon
osd_recovery_op_warn_multiple            16         default
osd_recovery_priority                    5          default
osd_recovery_retry_interval              30.000000  default
osd_recovery_sleep                       0.000000   default
osd_recovery_sleep_hdd                   0.100000   default
osd_recovery_sleep_hybrid                0.025000   default
osd_recovery_sleep_ssd                   0.000000   default


[1;33m[2021-01-13T22:12:47,223093424-07:00][STAGE] Drop the OS cache from all cluster hosts...[0m

# /users/ljishen/Downloads/ceph-research/scripts/parallel-ssh:19 -  > parallel-ssh --par 5 --timeout 0 --extra-args '-o GlobalKnownHostsFile=/dev/null -o LogLevel=ERROR -o PasswordAuthentication=no -o StrictHostKeyChecking=no -o UserKnownHostsFile=/dev/null' --inline --send-input --print --host 10.10.1.2 --host node-2.arm.ucsc-cmps107-pg0.utah.cloudlab.us --host node-1.arm.ucsc-cmps107-pg0.utah.cloudlab.us --host node-3.arm.ucsc-cmps107-pg0.utah.cloudlab.us sudo bash
[1] 22:12:47 [SUCCESS] node-2.arm.ucsc-cmps107-pg0.utah.cloudlab.us
[2] 22:12:47 [SUCCESS] node-3.arm.ucsc-cmps107-pg0.utah.cloudlab.us
[3] 22:12:48 [SUCCESS] node-1.arm.ucsc-cmps107-pg0.utah.cloudlab.us
[4] 22:12:48 [SUCCESS] 10.10.1.2


[1;33m[2021-01-13T22:12:48,437527529-07:00][STAGE] Prepare data on the cluster...[0m
[1;32m[2021-01-13T22:12:48,444574956-07:00][INFO] > Set pool attributes[0m
[1;32m[2021-01-13T22:12:48,450461525-07:00][INFO] >> Create a replicated pool 'bench_failure_management_resource_utilization' (2 replicas, 32 placement groups)[0m

## ./bench-ceph-res-util:404 - load_cluster_data() > shell_cmd
# ./bench-ceph-res-util:404 - load_cluster_data() > /users/ljishen/Downloads/ceph-research/scripts/parallel-cephadm shell --keyring /users/ljishen/Downloads/ceph-research/scripts/cephadm_target/output/ceph.client.admin.keyring -- ceph osd pool create bench_failure_management_resource_utilization 32 32 replicated --size=2
[1;30m[2021-01-13T22:12:48,474844998-07:00][DEBUG] HOST_PARAMS: [][0m
[1;30m[2021-01-13T22:12:48,478797311-07:00][DEBUG] CEPHADM_PARAMS: ['shell', '--keyring', '/users/ljishen/Downloads/ceph-research/scripts/cephadm_target/output/ceph.client.admin.keyring', '--', 'ceph', 'osd', 'pool', 'create', 'bench_failure_management_resource_utilization', '32', '32', 'replicated', '--size=2'][0m

# /users/ljishen/Downloads/ceph-research/scripts/parallel-cephadm:66 -  > sudo /users/ljishen/Downloads/ceph-research/scripts/cephadm_target/bin/cephadm shell --keyring /users/ljishen/Downloads/ceph-research/scripts/cephadm_target/output/ceph.client.admin.keyring -- ceph osd pool create bench_failure_management_resource_utilization 32 32 replicated --size=2
Inferring fsid b11af1b0-5626-11eb-b72a-2d65d19e75f1
Inferring config /var/lib/ceph/b11af1b0-5626-11eb-b72a-2d65d19e75f1/mon.node-0.arm.ucsc-cmps107-pg0.utah.cloudlab.us/config
Using recent ceph image ceph/ceph@sha256:37939a3739e4e037dcf1b1f5828058d721d8c6de958212609f9e7d920b9c62bf
pool 'bench_failure_management_resource_utilization' created
[1;32m[2021-01-13T22:12:53,192217605-07:00][INFO] >> Set the minimum number of replicas required for I/O to 1[0m

## ./bench-ceph-res-util:410 - load_cluster_data() > shell_cmd
# ./bench-ceph-res-util:410 - load_cluster_data() > /users/ljishen/Downloads/ceph-research/scripts/parallel-cephadm shell --keyring /users/ljishen/Downloads/ceph-research/scripts/cephadm_target/output/ceph.client.admin.keyring -- ceph osd pool set bench_failure_management_resource_utilization min_size 1
[1;30m[2021-01-13T22:12:53,210825970-07:00][DEBUG] HOST_PARAMS: [][0m
[1;30m[2021-01-13T22:12:53,214596582-07:00][DEBUG] CEPHADM_PARAMS: ['shell', '--keyring', '/users/ljishen/Downloads/ceph-research/scripts/cephadm_target/output/ceph.client.admin.keyring', '--', 'ceph', 'osd', 'pool', 'set', 'bench_failure_management_resource_utilization', 'min_size', '1'][0m

# /users/ljishen/Downloads/ceph-research/scripts/parallel-cephadm:66 -  > sudo /users/ljishen/Downloads/ceph-research/scripts/cephadm_target/bin/cephadm shell --keyring /users/ljishen/Downloads/ceph-research/scripts/cephadm_target/output/ceph.client.admin.keyring -- ceph osd pool set bench_failure_management_resource_utilization min_size 1
Inferring fsid b11af1b0-5626-11eb-b72a-2d65d19e75f1
Inferring config /var/lib/ceph/b11af1b0-5626-11eb-b72a-2d65d19e75f1/mon.node-0.arm.ucsc-cmps107-pg0.utah.cloudlab.us/config
Using recent ceph image ceph/ceph@sha256:37939a3739e4e037dcf1b1f5828058d721d8c6de958212609f9e7d920b9c62bf
set pool 2 min_size to 1
[1;32m[2021-01-13T22:12:57,345300377-07:00][INFO] >> Disable placement groups autoscaling[0m

## ./bench-ceph-res-util:415 - load_cluster_data() > shell_cmd
# ./bench-ceph-res-util:415 - load_cluster_data() > /users/ljishen/Downloads/ceph-research/scripts/parallel-cephadm shell --keyring /users/ljishen/Downloads/ceph-research/scripts/cephadm_target/output/ceph.client.admin.keyring -- ceph osd pool set bench_failure_management_resource_utilization pg_autoscale_mode off
[1;30m[2021-01-13T22:12:57,363926742-07:00][DEBUG] HOST_PARAMS: [][0m
[1;30m[2021-01-13T22:12:57,367809155-07:00][DEBUG] CEPHADM_PARAMS: ['shell', '--keyring', '/users/ljishen/Downloads/ceph-research/scripts/cephadm_target/output/ceph.client.admin.keyring', '--', 'ceph', 'osd', 'pool', 'set', 'bench_failure_management_resource_utilization', 'pg_autoscale_mode', 'off'][0m

# /users/ljishen/Downloads/ceph-research/scripts/parallel-cephadm:66 -  > sudo /users/ljishen/Downloads/ceph-research/scripts/cephadm_target/bin/cephadm shell --keyring /users/ljishen/Downloads/ceph-research/scripts/cephadm_target/output/ceph.client.admin.keyring -- ceph osd pool set bench_failure_management_resource_utilization pg_autoscale_mode off
Inferring fsid b11af1b0-5626-11eb-b72a-2d65d19e75f1
Inferring config /var/lib/ceph/b11af1b0-5626-11eb-b72a-2d65d19e75f1/mon.node-0.arm.ucsc-cmps107-pg0.utah.cloudlab.us/config
Using recent ceph image ceph/ceph@sha256:37939a3739e4e037dcf1b1f5828058d721d8c6de958212609f9e7d920b9c62bf
set pool 2 pg_autoscale_mode to off
[1;32m[2021-01-13T22:13:01,463512796-07:00][INFO] >> Set the application metadata key[0m

## ./bench-ceph-res-util:420 - load_cluster_data() > shell_cmd
# ./bench-ceph-res-util:420 - load_cluster_data() > /users/ljishen/Downloads/ceph-research/scripts/parallel-cephadm shell --keyring /users/ljishen/Downloads/ceph-research/scripts/cephadm_target/output/ceph.client.admin.keyring -- ceph osd pool application enable bench_failure_management_resource_utilization banchmark
[1;30m[2021-01-13T22:13:01,484883156-07:00][DEBUG] HOST_PARAMS: [][0m
[1;30m[2021-01-13T22:13:01,489193708-07:00][DEBUG] CEPHADM_PARAMS: ['shell', '--keyring', '/users/ljishen/Downloads/ceph-research/scripts/cephadm_target/output/ceph.client.admin.keyring', '--', 'ceph', 'osd', 'pool', 'application', 'enable', 'bench_failure_management_resource_utilization', 'banchmark'][0m

# /users/ljishen/Downloads/ceph-research/scripts/parallel-cephadm:66 -  > sudo /users/ljishen/Downloads/ceph-research/scripts/cephadm_target/bin/cephadm shell --keyring /users/ljishen/Downloads/ceph-research/scripts/cephadm_target/output/ceph.client.admin.keyring -- ceph osd pool application enable bench_failure_management_resource_utilization banchmark
Inferring fsid b11af1b0-5626-11eb-b72a-2d65d19e75f1
Inferring config /var/lib/ceph/b11af1b0-5626-11eb-b72a-2d65d19e75f1/mon.node-0.arm.ucsc-cmps107-pg0.utah.cloudlab.us/config
Using recent ceph image ceph/ceph@sha256:37939a3739e4e037dcf1b1f5828058d721d8c6de958212609f9e7d920b9c62bf
enabled application 'banchmark' on pool 'bench_failure_management_resource_utilization'
[1;32m[2021-01-13T22:13:05,736612822-07:00][INFO] >> Set the NOSCRUB flag[0m

## ./bench-ceph-res-util:425 - load_cluster_data() > shell_cmd
# ./bench-ceph-res-util:425 - load_cluster_data() > /users/ljishen/Downloads/ceph-research/scripts/parallel-cephadm shell --keyring /users/ljishen/Downloads/ceph-research/scripts/cephadm_target/output/ceph.client.admin.keyring -- ceph osd pool set bench_failure_management_resource_utilization noscrub 1
[1;30m[2021-01-13T22:13:05,755221287-07:00][DEBUG] HOST_PARAMS: [][0m
[1;30m[2021-01-13T22:13:05,759024880-07:00][DEBUG] CEPHADM_PARAMS: ['shell', '--keyring', '/users/ljishen/Downloads/ceph-research/scripts/cephadm_target/output/ceph.client.admin.keyring', '--', 'ceph', 'osd', 'pool', 'set', 'bench_failure_management_resource_utilization', 'noscrub', '1'][0m

# /users/ljishen/Downloads/ceph-research/scripts/parallel-cephadm:66 -  > sudo /users/ljishen/Downloads/ceph-research/scripts/cephadm_target/bin/cephadm shell --keyring /users/ljishen/Downloads/ceph-research/scripts/cephadm_target/output/ceph.client.admin.keyring -- ceph osd pool set bench_failure_management_resource_utilization noscrub 1
Inferring fsid b11af1b0-5626-11eb-b72a-2d65d19e75f1
Inferring config /var/lib/ceph/b11af1b0-5626-11eb-b72a-2d65d19e75f1/mon.node-0.arm.ucsc-cmps107-pg0.utah.cloudlab.us/config
Using recent ceph image ceph/ceph@sha256:37939a3739e4e037dcf1b1f5828058d721d8c6de958212609f9e7d920b9c62bf
set pool 2 noscrub to 1
[1;32m[2021-01-13T22:13:10,094354369-07:00][INFO] >> Set the NODEEP_SCRUB flag[0m

## ./bench-ceph-res-util:430 - load_cluster_data() > shell_cmd
# ./bench-ceph-res-util:430 - load_cluster_data() > /users/ljishen/Downloads/ceph-research/scripts/parallel-cephadm shell --keyring /users/ljishen/Downloads/ceph-research/scripts/cephadm_target/output/ceph.client.admin.keyring -- ceph osd pool set bench_failure_management_resource_utilization nodeep-scrub 1
[1;30m[2021-01-13T22:13:10,112944694-07:00][DEBUG] HOST_PARAMS: [][0m
[1;30m[2021-01-13T22:13:10,116769126-07:00][DEBUG] CEPHADM_PARAMS: ['shell', '--keyring', '/users/ljishen/Downloads/ceph-research/scripts/cephadm_target/output/ceph.client.admin.keyring', '--', 'ceph', 'osd', 'pool', 'set', 'bench_failure_management_resource_utilization', 'nodeep-scrub', '1'][0m

# /users/ljishen/Downloads/ceph-research/scripts/parallel-cephadm:66 -  > sudo /users/ljishen/Downloads/ceph-research/scripts/cephadm_target/bin/cephadm shell --keyring /users/ljishen/Downloads/ceph-research/scripts/cephadm_target/output/ceph.client.admin.keyring -- ceph osd pool set bench_failure_management_resource_utilization nodeep-scrub 1
Inferring fsid b11af1b0-5626-11eb-b72a-2d65d19e75f1
Inferring config /var/lib/ceph/b11af1b0-5626-11eb-b72a-2d65d19e75f1/mon.node-0.arm.ucsc-cmps107-pg0.utah.cloudlab.us/config
Using recent ceph image ceph/ceph@sha256:37939a3739e4e037dcf1b1f5828058d721d8c6de958212609f9e7d920b9c62bf
set pool 2 nodeep-scrub to 1
[1;32m[2021-01-13T22:13:14,204848242-07:00][INFO] >> Show details of pools[0m

## ./bench-ceph-res-util:435 - load_cluster_data() > shell_cmd
# ./bench-ceph-res-util:435 - load_cluster_data() > /users/ljishen/Downloads/ceph-research/scripts/parallel-cephadm shell --keyring /users/ljishen/Downloads/ceph-research/scripts/cephadm_target/output/ceph.client.admin.keyring -- ceph osd pool ls detail
[1;30m[2021-01-13T22:13:14,223159528-07:00][DEBUG] HOST_PARAMS: [][0m
[1;30m[2021-01-13T22:13:14,226945801-07:00][DEBUG] CEPHADM_PARAMS: ['shell', '--keyring', '/users/ljishen/Downloads/ceph-research/scripts/cephadm_target/output/ceph.client.admin.keyring', '--', 'ceph', 'osd', 'pool', 'ls', 'detail'][0m

# /users/ljishen/Downloads/ceph-research/scripts/parallel-cephadm:66 -  > sudo /users/ljishen/Downloads/ceph-research/scripts/cephadm_target/bin/cephadm shell --keyring /users/ljishen/Downloads/ceph-research/scripts/cephadm_target/output/ceph.client.admin.keyring -- ceph osd pool ls detail
Inferring fsid b11af1b0-5626-11eb-b72a-2d65d19e75f1
Inferring config /var/lib/ceph/b11af1b0-5626-11eb-b72a-2d65d19e75f1/mon.node-0.arm.ucsc-cmps107-pg0.utah.cloudlab.us/config
Using recent ceph image ceph/ceph@sha256:37939a3739e4e037dcf1b1f5828058d721d8c6de958212609f9e7d920b9c62bf
pool 1 'device_health_metrics' replicated size 3 min_size 2 crush_rule 0 object_hash rjenkins pg_num 1 pgp_num 1 autoscale_mode on last_change 10 flags hashpspool stripe_width 0 pg_num_min 1 application mgr_devicehealth
pool 2 'bench_failure_management_resource_utilization' replicated size 2 min_size 1 crush_rule 0 object_hash rjenkins pg_num 32 pgp_num 32 autoscale_mode off last_change 28 flags hashpspool,noscrub,nodeep-scrub stripe_width 0 application banchmark

[1;32m[2021-01-13T22:13:17,854041028-07:00][INFO] > Loading objects (total data size: 15 GB)[0m

## ./bench-ceph-res-util:444 - load_cluster_data() > shell_cmd
# ./bench-ceph-res-util:444 - load_cluster_data() > /users/ljishen/Downloads/ceph-research/scripts/parallel-cephadm shell --keyring /users/ljishen/Downloads/ceph-research/scripts/cephadm_target/output/ceph.client.admin.keyring -- rados bench 99999999 write --pool bench_failure_management_resource_utilization -b 1048576 -O 1048576 --max-objects 15360 --concurrent-ios 768 --show-time --write-object --write-omap --write-xattr --no-cleanup
[1;30m[2021-01-13T22:13:17,874687549-07:00][DEBUG] HOST_PARAMS: [][0m
[1;30m[2021-01-13T22:13:17,878613301-07:00][DEBUG] CEPHADM_PARAMS: ['shell', '--keyring', '/users/ljishen/Downloads/ceph-research/scripts/cephadm_target/output/ceph.client.admin.keyring', '--', 'rados', 'bench', '99999999', 'write', '--pool', 'bench_failure_management_resource_utilization', '-b', '1048576', '-O', '1048576', '--max-objects', '15360', '--concurrent-ios', '768', '--show-time', '--write-object', '--write-omap', '--write-xattr', '--no-cleanup'][0m

# /users/ljishen/Downloads/ceph-research/scripts/parallel-cephadm:66 -  > sudo /users/ljishen/Downloads/ceph-research/scripts/cephadm_target/bin/cephadm shell --keyring /users/ljishen/Downloads/ceph-research/scripts/cephadm_target/output/ceph.client.admin.keyring -- rados bench 99999999 write --pool bench_failure_management_resource_utilization -b 1048576 -O 1048576 --max-objects 15360 --concurrent-ios 768 --show-time --write-object --write-omap --write-xattr --no-cleanup
Inferring fsid b11af1b0-5626-11eb-b72a-2d65d19e75f1
Inferring config /var/lib/ceph/b11af1b0-5626-11eb-b72a-2d65d19e75f1/mon.node-0.arm.ucsc-cmps107-pg0.utah.cloudlab.us/config
Using recent ceph image ceph/ceph@sha256:37939a3739e4e037dcf1b1f5828058d721d8c6de958212609f9e7d920b9c62bf
hints = 1
2021-01-14T05:13:20.226416+0000 Maintaining 768 concurrent writes of 1048576 bytes to objects of size 1048576 for up to 99999999 seconds or 15360 objects
2021-01-14T05:13:20.226481+0000 Object prefix: benchmark_data_node-0.arm.ucsc-cmps107-pg0.u_1
2021-01-14T05:13:20.767455+0000   sec Cur ops   started  finished  avg MB/s  cur MB/s last lat(s)  avg lat(s)
2021-01-14T05:13:20.767455+0000     0       0         0         0         0         0           -           0
2021-01-14T05:13:21.767655+0000     1      56        56         0         0         0           -           0
2021-01-14T05:13:22.767821+0000     2     104       104         0         0         0           -           0
2021-01-14T05:13:23.768002+0000     3     149       149         0         0         0           -           0
2021-01-14T05:13:24.768161+0000     4     190       190         0         0         0           -           0
2021-01-14T05:13:25.768311+0000     5     193       193         0         0         0           -           0
2021-01-14T05:13:26.768458+0000     6     207       207         0         0         0           -           0
2021-01-14T05:13:27.768600+0000     7     231       231         0         0         0           -           0
2021-01-14T05:13:28.768769+0000     8     266       266         0         0         0           -           0
2021-01-14T05:13:29.768925+0000     9     306       306         0         0         0           -           0
2021-01-14T05:13:30.769083+0000    10     314       314         0         0         0           -           0
2021-01-14T05:13:31.769242+0000    11     335       335         0         0         0           -           0
2021-01-14T05:13:32.769446+0000    12     352       352         0         0         0           -           0
2021-01-14T05:13:33.769589+0000    13     400       400         0         0         0           -           0
2021-01-14T05:13:34.769745+0000    14     417       417         0         0         0           -           0
2021-01-14T05:13:35.769885+0000    15     428       428         0         0         0           -           0
2021-01-14T05:13:36.770030+0000    16     460       460         0         0         0           -           0
2021-01-14T05:13:37.770175+0000    17     495       495         0         0         0           -           0
2021-01-14T05:13:38.770325+0000    18     495       495         0         0         0           -           0
2021-01-14T05:13:39.770455+0000    19     503       503         0         0         0           -           0
2021-01-14T05:13:40.770622+0000 min lat: 9999 max lat: 0 avg lat: 0
2021-01-14T05:13:40.770622+0000   sec Cur ops   started  finished  avg MB/s  cur MB/s last lat(s)  avg lat(s)
2021-01-14T05:13:40.770622+0000    20     535       535         0         0         0           -           0
2021-01-14T05:13:41.770811+0000    21     571       571         0         0         0           -           0
2021-01-14T05:13:42.770968+0000    22     609       609         0         0         0           -           0
2021-01-14T05:13:43.771129+0000    23     629       629         0         0         0           -           0
2021-01-14T05:13:44.771274+0000    24     629       629         0         0         0           -           0
2021-01-14T05:13:45.771399+0000    25     644       644         0         0         0           -           0
2021-01-14T05:13:46.771565+0000    26     663       663         0         0         0           -           0
2021-01-14T05:13:47.771709+0000    27     708       708         0         0         0           -           0
2021-01-14T05:13:48.771876+0000    28     729       729         0         0         0           -           0
2021-01-14T05:13:49.772014+0000    29     738       738         0         0         0           -           0
2021-01-14T05:13:50.772169+0000    30     767       772         5  0.166641  0.166667     29.8208     29.8187
2021-01-14T05:13:51.772344+0000    31     767       800        33   1.06435        28     30.5289     30.3379
2021-01-14T05:13:52.772498+0000    32     767       800        33   1.03109         0           -     30.3379
2021-01-14T05:13:53.772637+0000    33     767       810        43   1.30283         5     31.8106     30.7107
2021-01-14T05:13:54.772792+0000    34     767       847        80   2.35258        37      32.319     31.4872
2021-01-14T05:13:55.772947+0000    35     767       867       100   2.85671        20     32.6906      31.718
2021-01-14T05:13:56.773106+0000    36     767       901       134   3.72165        34     33.1083     32.0553
2021-01-14T05:13:57.773266+0000    37     767       945       178   4.81007        44     33.2995     32.3515
2021-01-14T05:13:58.773433+0000    38     767       945       178   4.68349         0           -     32.3515
2021-01-14T05:13:59.773564+0000    39     767       963       196   5.02487         9     33.3517     32.5777
2021-01-14T05:14:00.773721+0000 min lat: 29.8104 max lat: 35.1886 avg lat: 32.686
2021-01-14T05:14:00.773721+0000   sec Cur ops   started  finished  avg MB/s  cur MB/s last lat(s)  avg lat(s)
2021-01-14T05:14:00.773721+0000    40     767       984       217   5.42417        21     33.2982      32.686
2021-01-14T05:14:01.773905+0000    41     767      1003       236   5.75521        19     33.4929     32.7847
2021-01-14T05:14:02.774060+0000    42     767      1037       270   6.42758        34     33.5506     32.9344
2021-01-14T05:14:03.774211+0000    43     767      1082       315   7.32446        45     33.5689     33.0824
2021-01-14T05:14:04.774377+0000    44     767      1111       344   7.81698        29     32.7605     33.0421
2021-01-14T05:14:05.774539+0000    45     767      1112       345   7.66549         1     32.7968     33.0414
2021-01-14T05:14:06.774666+0000    46     767      1119       352     7.651         7     34.0867     33.0652
2021-01-14T05:14:07.774813+0000    47     767      1143       376   7.99877        24     34.1201      33.148
2021-01-14T05:14:08.774998+0000    48     767      1168       401   8.35288        25     35.0453     33.2418
2021-01-14T05:14:09.775192+0000    49     767      1171       404   8.24362         3     35.2445     33.2568
2021-01-14T05:14:10.775336+0000    50     767      1172       405   8.09875         1     36.4209     33.2646
2021-01-14T05:14:11.775480+0000    51     767      1205       438   8.58691        33      35.492     33.4914
2021-01-14T05:14:12.775631+0000    52     767      1257       490   9.42162        52     35.2646     33.6999
2021-01-14T05:14:13.775802+0000    53     767      1266       499   9.41364         9     34.0228     33.7261
2021-01-14T05:14:14.775955+0000    54     767      1274       507   9.38744         8     34.2323     33.7399
2021-01-14T05:14:15.776130+0000    55     767      1298       531   9.65305        24     35.0558     33.7962
2021-01-14T05:14:16.776306+0000    56     767      1330       563    10.052        32     35.1013     33.8718
2021-01-14T05:14:17.776532+0000    57     767      1364       597    10.472        34     35.2669     33.9548
2021-01-14T05:14:18.776704+0000    58     767      1365       598   10.3087         1     35.3885     33.9572
2021-01-14T05:14:19.776852+0000    59     767      1369       602   10.2018         4     37.0682     33.9772
2021-01-14T05:14:20.777003+0000 min lat: 29.8104 max lat: 37.563 avg lat: 34.1235
2021-01-14T05:14:20.777003+0000   sec Cur ops   started  finished  avg MB/s  cur MB/s last lat(s)  avg lat(s)
2021-01-14T05:14:20.777003+0000    60     767      1400       633   10.5483        31     34.8386     34.1235
2021-01-14T05:14:21.777180+0000    61     767      1427       660    10.818        27      35.174     34.1728
2021-01-14T05:14:22.777334+0000    62     767      1474       707   11.4014        47      35.146     34.2447
2021-01-14T05:14:23.777525+0000    63     767      1516       749    11.887        42     33.5637     34.2624
2021-01-14T05:14:24.777744+0000    64     767      1531       764   11.9356        15     34.0231     34.2574
2021-01-14T05:14:25.777888+0000    65     767      1532       765   11.7674         1     34.6573      34.258
2021-01-14T05:14:26.778030+0000    66     767      1533       766   11.6042         1     35.8154       34.26
2021-01-14T05:14:27.778166+0000    67     767      1571       804   11.9981        38     34.3953     34.3369
2021-01-14T05:14:28.778321+0000    68     767      1604       837   12.3069        33     34.3005      34.328
2021-01-14T05:14:29.778476+0000    69     767      1623       856   12.4038        19     34.8124     34.3306
2021-01-14T05:14:30.778636+0000    70     767      1640       873   12.4695        17     34.6582     34.3378
2021-01-14T05:14:31.778790+0000    71     767      1673       906   12.7586        33     34.8042     34.3619
2021-01-14T05:14:32.778947+0000    72     767      1682       915   12.7063         9     35.0749     34.3678
2021-01-14T05:14:33.779088+0000    73     767      1682       915   12.5323         0           -     34.3678
2021-01-14T05:14:34.779216+0000    74     767      1682       915   12.3629         0           -     34.3678
2021-01-14T05:14:35.779340+0000    75     767      1682       915   12.1981         0           -     34.3678
2021-01-14T05:14:36.779473+0000    76     767      1682       915   12.0376         0           -     34.3678
2021-01-14T05:14:37.779608+0000    77     767      1682       915   11.8813         0           -     34.3678
2021-01-14T05:14:38.779734+0000    78     767      1682       915   11.7289         0           -     34.3678
2021-01-14T05:14:39.779858+0000    79     767      1682       915   11.5805         0           -     34.3678
2021-01-14T05:14:40.779980+0000 min lat: 29.8104 max lat: 43.5837 avg lat: 34.3779
2021-01-14T05:14:40.779980+0000   sec Cur ops   started  finished  avg MB/s  cur MB/s last lat(s)  avg lat(s)
2021-01-14T05:14:40.779980+0000    80     767      1683       916   11.4482     0.125     43.5837     34.3779
2021-01-14T05:14:41.780151+0000    81     767      1725       958   11.8253        42     42.1505     34.7699
2021-01-14T05:14:42.780318+0000    82     767      1730       963   11.7421         5        42.8     34.8112
2021-01-14T05:14:43.780481+0000    83     767      1737       970   11.6849         7     43.1282     34.8754
2021-01-14T05:14:44.780650+0000    84     767      1743       976   11.6172         6     43.8645     34.9289
2021-01-14T05:14:45.780787+0000    85     767      1798      1031   12.1275        55     43.1572     35.3841
2021-01-14T05:14:46.780951+0000    86     767      1825      1058   12.3004        27     43.3008     35.5904
2021-01-14T05:14:47.781093+0000    87     767      1848      1081   12.4234        23     43.8352     35.7609
2021-01-14T05:14:48.781253+0000    88     767      1849      1082   12.2935         1     44.6986     35.7692
2021-01-14T05:14:49.781405+0000    89     767      1877      1110     12.47        28     44.6056     35.9963
2021-01-14T05:14:50.781571+0000    90     767      1891      1124    12.487        14     43.1742     36.0965
2021-01-14T05:14:51.781716+0000    91     767      1921      1154   12.6794        30     43.3647     36.2923
2021-01-14T05:14:52.781876+0000    92     767      1981      1214   13.1936        60     40.9751     36.5658
2021-01-14T05:14:53.782048+0000    93     767      2012      1245    13.385        31     40.8136     36.6815
2021-01-14T05:14:54.782200+0000    94     767      2016      1249   13.2852         4     41.9921     36.6979
2021-01-14T05:14:55.782346+0000    95     767      2022      1255   13.2085         6     43.1595     36.7274
2021-01-14T05:14:56.782504+0000    96     767      2043      1276   13.2896        21     41.6182     36.8253
2021-01-14T05:14:57.782655+0000    97     767      2080      1313    13.534        37     41.2127     36.9581
2021-01-14T05:14:58.782822+0000    98     767      2106      1339   13.6611        26     41.5219     37.0478
2021-01-14T05:14:59.782966+0000    99     767      2114      1347   13.6039         8     41.9973     37.0763
2021-01-14T05:15:00.783105+0000 min lat: 29.8104 max lat: 45.54 avg lat: 37.1705
2021-01-14T05:15:00.783105+0000   sec Cur ops   started  finished  avg MB/s  cur MB/s last lat(s)  avg lat(s)
2021-01-14T05:15:00.783105+0000   100     767      2138      1371   13.7079        24     40.7715     37.1705
2021-01-14T05:15:01.783287+0000   101     767      2173      1406   13.9186        35     40.7798     37.2687
2021-01-14T05:15:02.783437+0000   102     767      2174      1407    13.792         1     41.1147     37.2714
2021-01-14T05:15:03.783577+0000   103     767      2184      1417   13.7551        10     42.1836      37.304
2021-01-14T05:15:04.783726+0000   104     767      2184      1417   13.6229         0           -      37.304
2021-01-14T05:15:05.783845+0000   105     767      2184      1417   13.4932         0           -      37.304
2021-01-14T05:15:06.783969+0000   106     767      2184      1417   13.3659         0           -      37.304
2021-01-14T05:15:07.784092+0000   107     767      2184      1417    13.241         0           -      37.304
2021-01-14T05:15:08.784238+0000   108     767      2184      1417   13.1183         0           -      37.304
2021-01-14T05:15:09.784370+0000   109     767      2184      1417    12.998         0           -      37.304
2021-01-14T05:15:10.784494+0000   110     767      2184      1417   12.8798         0           -      37.304
2021-01-14T05:15:11.784620+0000   111     767      2184      1417   12.7638         0           -      37.304
2021-01-14T05:15:12.784768+0000   112     767      2187      1420   12.6766  0.333333     51.0516     37.3331
2021-01-14T05:15:13.784939+0000   113     767      2224      1457   12.8918        37     51.3378     37.6896
2021-01-14T05:15:14.785101+0000   114     767      2251      1484   13.0155        27      51.387     37.9394
2021-01-14T05:15:15.785260+0000   115     767      2255      1488   12.9371         4     51.4342     37.9757
2021-01-14T05:15:16.785397+0000   116     767      2260      1493   12.8687         5     53.1531     38.0256
2021-01-14T05:15:17.785539+0000   117     767      2289      1522   13.0066        29     53.5471     38.3185
2021-01-14T05:15:18.785696+0000   118     767      2321      1554   13.1675        32     51.7178     38.6064
2021-01-14T05:15:19.785841+0000   119     767      2334      1567    13.166        13     51.6047      38.714
2021-01-14T05:15:20.785981+0000 min lat: 29.8104 max lat: 54.0001 avg lat: 38.8989
2021-01-14T05:15:20.785981+0000   sec Cur ops   started  finished  avg MB/s  cur MB/s last lat(s)  avg lat(s)
2021-01-14T05:15:20.785981+0000   120     767      2355      1588   13.2313        21     52.5687     38.8989
2021-01-14T05:15:21.786158+0000   121     767      2379      1612   13.3203        24     52.7739     39.1086
2021-01-14T05:15:22.786303+0000   122     767      2437      1670   13.6864        58     51.0716     39.5466
2021-01-14T05:15:23.786447+0000   123     767      2462      1695   13.7784        25     42.8647     39.6574
2021-01-14T05:15:24.786607+0000   124     767      2462      1695   13.6673         0           -     39.6574
2021-01-14T05:15:25.786741+0000   125     767      2462      1695   13.5579         0           -     39.6574
2021-01-14T05:15:26.786885+0000   126     767      2483      1716    13.617         7       45.11     39.7211
2021-01-14T05:15:27.787046+0000   127     767      2538      1771   13.9427        55     42.6678     39.8358
2021-01-14T05:15:28.787223+0000   128     767      2577      1810   14.1385        39     42.3085     39.8963
2021-01-14T05:15:29.787387+0000   129     767      2615      1848   14.3234        38     42.1552      39.949
2021-01-14T05:15:30.787554+0000   130     767      2623      1856   14.2747         8     41.6413     39.9555
2021-01-14T05:15:31.787701+0000   131     767      2638      1871   14.2803        15     42.3811     39.9767
2021-01-14T05:15:32.787857+0000   132     767      2638      1871   14.1721         0           -     39.9767
2021-01-14T05:15:33.787989+0000   133     767      2662      1895   14.2459        12     42.5596     40.0167
2021-01-14T05:15:34.788143+0000   134     767      2715      1948   14.5351        53     42.5594     40.0897
2021-01-14T05:15:35.788290+0000   135     767      2738      1971   14.5978        23     43.0539     40.1222
2021-01-14T05:15:36.788466+0000   136     767      2744      1977   14.5345         6     44.0446     40.1332
2021-01-14T05:15:37.788602+0000   137     767      2775      2008   14.6547        31     44.3711     40.1965
2021-01-14T05:15:38.788760+0000   138     767      2785      2018   14.6209        10     42.8814      40.216
2021-01-14T05:15:39.788906+0000   139     767      2785      2018   14.5158         0           -      40.216
2021-01-14T05:15:40.789037+0000 min lat: 29.8104 max lat: 54.0001 avg lat: 40.216
2021-01-14T05:15:40.789037+0000   sec Cur ops   started  finished  avg MB/s  cur MB/s last lat(s)  avg lat(s)
2021-01-14T05:15:40.789037+0000   140     767      2785      2018   14.4121         0           -      40.216
2021-01-14T05:15:41.789208+0000   141     767      2796      2029   14.3879   3.66667     44.9232     40.2415
2021-01-14T05:15:42.789350+0000   142     767      2796      2029   14.2865         0           -     40.2415
2021-01-14T05:15:43.789483+0000   143     767      2796      2029   14.1866         0           -     40.2415
2021-01-14T05:15:44.789614+0000   144     767      2796      2029   14.0881         0           -     40.2415
2021-01-14T05:15:45.789739+0000   145     767      2796      2029    13.991         0           -     40.2415
2021-01-14T05:15:46.789860+0000   146     767      2796      2029   13.8951         0           -     40.2415
2021-01-14T05:15:47.789992+0000   147     767      2796      2029   13.8006         0           -     40.2415
2021-01-14T05:15:48.790136+0000   148     767      2797      2030   13.7141  0.142857     51.8098     40.2472
2021-01-14T05:15:49.790274+0000   149     767      2818      2051    13.763        21     52.6238     40.3765
2021-01-14T05:15:50.790431+0000   150     767      2839      2072   13.8112        21     52.8183     40.5012
2021-01-14T05:15:51.790580+0000   151     767      2843      2076   13.7463         4      53.214     40.5256
2021-01-14T05:15:52.790726+0000   152     767      2843      2076   13.6558         0           -     40.5256
2021-01-14T05:15:53.790869+0000   153     767      2843      2076   13.5666         0           -     40.5256
2021-01-14T05:15:54.791005+0000   154     767      2843      2076   13.4785         0           -     40.5256
2021-01-14T05:15:55.791131+0000   155     767      2843      2076   13.3915         0           -     40.5256
2021-01-14T05:15:56.791268+0000   156     767      2843      2076   13.3057         0           -     40.5256
2021-01-14T05:15:57.791395+0000   157     767      2843      2076   13.2209         0           -     40.5256
2021-01-14T05:15:58.791525+0000   158     767      2864      2097   13.2701         3     60.1175     40.7257
2021-01-14T05:15:59.791685+0000   159     767      2881      2114   13.2936        17     60.5522     40.8851
2021-01-14T05:16:00.791842+0000 min lat: 29.8104 max lat: 60.9344 avg lat: 40.8851
2021-01-14T05:16:00.791842+0000   sec Cur ops   started  finished  avg MB/s  cur MB/s last lat(s)  avg lat(s)
2021-01-14T05:16:00.791842+0000   160     767      2881      2114   13.2105         0           -     40.8851
2021-01-14T05:16:01.792006+0000   161     767      2881      2114   13.1284         0           -     40.8851
2021-01-14T05:16:02.792141+0000   162     767      2881      2114   13.0474         0           -     40.8851
2021-01-14T05:16:03.792268+0000   163     767      2881      2114   12.9674         0           -     40.8851
2021-01-14T05:16:04.792392+0000   164     767      2881      2114   12.8883         0           -     40.8851
2021-01-14T05:16:05.792526+0000   165     767      2881      2114   12.8102         0           -     40.8851
2021-01-14T05:16:06.792658+0000   166     767      2882      2115    12.739  0.142857     67.3665     40.8976
2021-01-14T05:16:07.792789+0000   167     767      2918      2151   12.8783        36     66.5084     41.3271
2021-01-14T05:16:08.792950+0000   168     767      2941      2174   12.9385        23     67.1038     41.5936
2021-01-14T05:16:09.793096+0000   169     767      2941      2174    12.862         0           -     41.5936
2021-01-14T05:16:10.793224+0000   170     767      2957      2190   12.8804         8     56.9691     41.7558
2021-01-14T05:16:11.793379+0000   171     767      2980      2213   12.9396        23     58.2056     41.9245
2021-01-14T05:16:12.793532+0000   172     767      3030      2263    13.155        50     55.7433     42.2768
2021-01-14T05:16:13.793693+0000   173     767      3070      2303   13.3101        40     55.5064     42.5137
2021-01-14T05:16:14.793846+0000   174     767      3081      2314   13.2968        11     55.9991     42.5777
2021-01-14T05:16:15.793995+0000   175     767      3093      2326   13.2894        12     56.8546     42.6525
2021-01-14T05:16:16.794169+0000   176     767      3094      2327   13.2196         1     57.6265     42.6589
2021-01-14T05:16:17.794321+0000   177     767      3121      2354   13.2974        27     57.0837     42.8274
2021-01-14T05:16:18.794497+0000   178     767      3154      2387   13.4081        33     56.6916      43.022
2021-01-14T05:16:19.794652+0000   179     767      3171      2404   13.4281        17     57.2894     43.1222
2021-01-14T05:16:20.794809+0000 min lat: 29.8104 max lat: 68.0548 avg lat: 43.1408
2021-01-14T05:16:20.794809+0000   sec Cur ops   started  finished  avg MB/s  cur MB/s last lat(s)  avg lat(s)
2021-01-14T05:16:20.794809+0000   180     767      3174      2407   13.3702         3     57.9765     43.1408
2021-01-14T05:16:21.794975+0000   181     767      3196      2429   13.4179        22     58.8828     43.2837
2021-01-14T05:16:22.795131+0000   182     767      3231      2464   13.5364        35     56.9175     43.5109
2021-01-14T05:16:23.795300+0000   183     767      3245      2478   13.5389        14     57.0766     43.5883
2021-01-14T05:16:24.795448+0000   184     767      3248      2481   13.4817         3     57.9731     43.6055
2021-01-14T05:16:25.795604+0000   185     767      3282      2515   13.5925        34     58.4562     43.8069
2021-01-14T05:16:26.795794+0000   186     767      3303      2536   13.6323        21     59.0996     43.9326
2021-01-14T05:16:27.795987+0000   187     767      3328      2561   13.6931        25     59.2598     44.0812
2021-01-14T05:16:28.796152+0000   188     767      3340      2573   13.6841        12     60.0673     44.1546
2021-01-14T05:16:29.796306+0000   189     767      3345      2578   13.6381         5     61.0057     44.1869
2021-01-14T05:16:30.796489+0000   190     767      3370      2603   13.6979        25     61.2627     44.3535
2021-01-14T05:16:31.796665+0000   191     767      3380      2613   13.6785        10      62.052     44.4199
2021-01-14T05:16:32.796823+0000   192     767      3400      2633   13.7115        20     60.7607      44.551
2021-01-14T05:16:33.797024+0000   193     767      3429      2662   13.7906        29     60.3651      44.723
2021-01-14T05:16:34.797281+0000   194     767      3438      2671   13.7659         9     60.5057     44.7761
2021-01-14T05:16:35.797428+0000   195     767      3477      2710   13.8953        39     61.1075     45.0074
2021-01-14T05:16:36.797598+0000   196     767      3514      2747   14.0132        37      59.746     45.2188
2021-01-14T05:16:37.797765+0000   197     767      3518      2751   13.9623         4      59.777     45.2401
2021-01-14T05:16:38.797905+0000   198     767      3519      2752   13.8969         1     61.6887     45.2461
2021-01-14T05:16:39.798047+0000   199     767      3541      2774   13.9376        22      62.173     45.3777
2021-01-14T05:16:40.798227+0000 min lat: 29.8104 max lat: 68.0548 avg lat: 45.5284
2021-01-14T05:16:40.798227+0000   sec Cur ops   started  finished  avg MB/s  cur MB/s last lat(s)  avg lat(s)
2021-01-14T05:16:40.798227+0000   200     767      3575      2808   14.0379        34     51.3307     45.5284
2021-01-14T05:16:41.798464+0000   201     767      3611      2844   14.1471        36     50.7893     45.6045
2021-01-14T05:16:42.798643+0000   202     767      3644      2877   14.2404        33      43.532     45.5823
2021-01-14T05:16:43.798808+0000   203     767      3662      2895   14.2589        18     36.4985      45.537
2021-01-14T05:16:44.798958+0000   204     767      3662      2895    14.189         0           -      45.537
2021-01-14T05:16:45.799102+0000   205     767      3668      2901    14.149         3     38.4283     45.5221
2021-01-14T05:16:46.799262+0000   206     767      3692      2925   14.1968        24     38.1744     45.4635
2021-01-14T05:16:47.799406+0000   207     767      3710      2943   14.2152        18     37.7483     45.4258
2021-01-14T05:16:48.799576+0000   208     767      3720      2953   14.1949        10     38.7267     45.4009
2021-01-14T05:16:49.799735+0000   209     767      3749      2982   14.2657        29     37.7324     45.3341
2021-01-14T05:16:50.799915+0000   210     767      3791      3024   14.3978        42     38.0926     45.2329
2021-01-14T05:16:51.800077+0000   211     767      3817      3050   14.4528        26     38.1981     45.1732
2021-01-14T05:16:52.800237+0000   212     767      3818      3051   14.3893         1     38.9638     45.1711
2021-01-14T05:16:53.800376+0000   213     767      3818      3051   14.3217         0           -     45.1711
2021-01-14T05:16:54.800500+0000   214     767      3834      3067   14.3296         8     40.9395     45.1464
2021-01-14T05:16:55.800647+0000   215     767      3868      3101    14.421        34     38.2715     45.0894
2021-01-14T05:16:56.800815+0000   216     767      3901      3134    14.507        33     38.3653     45.0198
2021-01-14T05:16:57.800969+0000   217     767      3936      3169   14.6014        35     38.2526      44.948
2021-01-14T05:16:58.801131+0000   218     767      3942      3175    14.562         6     37.9414     44.9355
2021-01-14T05:16:59.801269+0000   219     767      3950      3183    14.532         8     38.0871     44.9183
2021-01-14T05:17:00.801435+0000 min lat: 29.8104 max lat: 68.0548 avg lat: 44.8805
2021-01-14T05:17:00.801435+0000   sec Cur ops   started  finished  avg MB/s  cur MB/s last lat(s)  avg lat(s)
2021-01-14T05:17:00.801435+0000   220     767      3970      3203   14.5569        20     38.4062     44.8805
2021-01-14T05:17:01.801614+0000   221     767      3976      3209   14.5181         6     38.8754     44.8696
2021-01-14T05:17:02.801762+0000   222     767      4011      3244   14.6104        35     39.2446     44.8099
2021-01-14T05:17:03.801916+0000   223     767      4045      3278   14.6973        34     37.6743     44.7374
2021-01-14T05:17:04.802070+0000   224     767      4084      3317   14.8058        39     37.3016     44.6513
2021-01-14T05:17:05.802230+0000   225     767      4084      3317     14.74         0           -     44.6513
2021-01-14T05:17:06.802354+0000   226     767      4086      3319   14.6836         1     38.5927     44.6477
2021-01-14T05:17:07.802489+0000   227     767      4109      3342   14.7202        23     38.6698     44.6128
2021-01-14T05:17:08.802662+0000   228     767      4143      3376   14.8047        34      37.553     44.5446
2021-01-14T05:17:09.802824+0000   229     767      4180      3413   14.9016        37     36.5204     44.4614
2021-01-14T05:17:10.802982+0000   230     767      4223      3456   15.0238        43     35.7428     44.3572
2021-01-14T05:17:11.803150+0000   231     767      4247      3480   15.0626        24     35.7223     44.2986
2021-01-14T05:17:12.803312+0000   232     767      4257      3490   15.0408        10     35.9048     44.2746
2021-01-14T05:17:13.803463+0000   233     767      4257      3490   14.9762         0           -     44.2746
2021-01-14T05:17:14.803603+0000   234     767      4260      3493   14.9251       1.5     38.6337     44.2695
2021-01-14T05:17:15.803761+0000   235     767      4295      3528   15.0105        35     36.4335     44.2092
2021-01-14T05:17:16.803935+0000   236     767      4333      3566   15.1078        38     35.9781     44.1261
2021-01-14T05:17:17.804104+0000   237     767      4370      3603   15.2002        37      35.911      44.043
2021-01-14T05:17:18.804265+0000   238     767      4386      3619   15.2035        16     36.4888     44.0097
2021-01-14T05:17:19.804425+0000   239     767      4387      3620   15.1441         1     37.1432     44.0078
2021-01-14T05:17:20.804569+0000 min lat: 29.8104 max lat: 68.0548 avg lat: 43.9699
2021-01-14T05:17:20.804569+0000   sec Cur ops   started  finished  avg MB/s  cur MB/s last lat(s)  avg lat(s)
2021-01-14T05:17:20.804569+0000   240     767      4408      3641   15.1685        21     37.5983     43.9699
2021-01-14T05:17:21.804754+0000   241     767      4422      3655   15.1636        14     38.7813     43.9503
2021-01-14T05:17:22.804939+0000   242     767      4447      3680   15.2043        25     36.8228     43.9063
2021-01-14T05:17:23.805100+0000   243     767      4455      3688   15.1746         8     37.8767     43.8923
2021-01-14T05:17:24.805340+0000   244     767      4486      3719   15.2394        31     36.8037     43.8367
2021-01-14T05:17:25.805610+0000   245     767      4524      3757   15.3323        38     35.6001     43.7551
2021-01-14T05:17:26.805779+0000   246     767      4553      3786   15.3879        29     35.7146      43.695
2021-01-14T05:17:27.805925+0000   247     767      4556      3789   15.3377         3     36.3557     43.6891
2021-01-14T05:17:28.806058+0000   248     767      4556      3789   15.2759         0           -     43.6891
2021-01-14T05:17:29.806200+0000   249     767      4570      3803   15.2707         7     38.5453     43.6707
2021-01-14T05:17:30.806375+0000   250     767      4603      3836   15.3416        33     35.7141     43.6193
2021-01-14T05:17:31.806542+0000   251     767      4631      3864    15.392        28     35.9373     43.5637
2021-01-14T05:17:32.806706+0000   252     767      4639      3872   15.3627         8     35.8322     43.5484
2021-01-14T05:17:33.806844+0000   253     767      4640      3873   15.3059         1     37.6358     43.5468
2021-01-14T05:17:34.806988+0000   254     767      4673      3906   15.3756        33     37.7149     43.4997
2021-01-14T05:17:35.807150+0000   255     767      4679      3912   15.3388         6     38.6896     43.4917
2021-01-14T05:17:36.807313+0000   256     767      4686      3919   15.3062         7      38.998     43.4834
2021-01-14T05:17:37.807453+0000   257     767      4686      3919   15.2467         0           -     43.4834
2021-01-14T05:17:38.807581+0000   258     767      4686      3919   15.1876         0           -     43.4834
2021-01-14T05:17:39.807706+0000   259     767      4686      3919   15.1289         0           -     43.4834
2021-01-14T05:17:40.807830+0000 min lat: 29.8104 max lat: 68.0548 avg lat: 43.4834
2021-01-14T05:17:40.807830+0000   sec Cur ops   started  finished  avg MB/s  cur MB/s last lat(s)  avg lat(s)
2021-01-14T05:17:40.807830+0000   260     767      4686      3919   15.0707         0           -     43.4834
2021-01-14T05:17:41.807994+0000   261     767      4686      3919    15.013         0           -     43.4834
2021-01-14T05:17:42.808152+0000   262     767      4694      3927   14.9862   1.33333     45.5267     43.4874
2021-01-14T05:17:43.808342+0000   263     767      4707      3940   14.9787        13     44.6938     43.4933
2021-01-14T05:17:44.808480+0000   264     767      4707      3940   14.9219         0           -     43.4933
2021-01-14T05:17:45.808607+0000   265     767      4717      3950   14.9034         5     45.6182     43.4997
2021-01-14T05:17:46.808745+0000   266     767      4728      3961   14.8887        11     45.9206      43.506
2021-01-14T05:17:47.808885+0000   267     767      4728      3961   14.8329         0           -      43.506
2021-01-14T05:17:48.809025+0000   268     767      4728      3961   14.7776         0           -      43.506
2021-01-14T05:17:49.809158+0000   269     767      4749      3982   14.8007         7     47.7539     43.5328
2021-01-14T05:17:50.809330+0000   270     767      4796      4029   14.9199        47     47.8787      43.585
2021-01-14T05:17:51.809489+0000   271     767      4806      4039   14.9018        10     48.1557     43.5958
2021-01-14T05:17:52.809643+0000   272     767      4806      4039    14.847         0           -     43.5958
2021-01-14T05:17:53.809785+0000   273     767      4806      4039   14.7926         0           -     43.5958
2021-01-14T05:17:54.809915+0000   274     767      4828      4061   14.8189   7.33333     50.5838     43.6344
2021-01-14T05:17:55.810062+0000   275     767      4844      4077   14.8232        16     50.9791     43.6626
2021-01-14T05:17:56.810212+0000   276     767      4844      4077   14.7695         0           -     43.6626
2021-01-14T05:17:57.810355+0000   277     767      4866      4099   14.7956        11      50.181     43.7033
2021-01-14T05:17:58.810518+0000   278     767      4897      4130   14.8538        31     50.1861     43.7522
2021-01-14T05:17:59.810675+0000   279     767      4940      4173   14.9547        43     50.0256     43.8174
2021-01-14T05:18:00.810841+0000 min lat: 29.8104 max lat: 68.0548 avg lat: 43.8491
2021-01-14T05:18:00.810841+0000   sec Cur ops   started  finished  avg MB/s  cur MB/s last lat(s)  avg lat(s)
2021-01-14T05:18:00.810841+0000   280     767      4960      4193   14.9727        20     50.5076     43.8491
2021-01-14T05:18:01.811013+0000   281     767      4960      4193   14.9194         0           -     43.8491
2021-01-14T05:18:02.811147+0000   282     767      4972      4205    14.909         6      52.224      43.873
2021-01-14T05:18:03.811293+0000   283     767      4994      4227   14.9341        22     52.5767     43.9196
2021-01-14T05:18:04.811454+0000   284     767      5011      4244   14.9414        17     52.8873     43.9563
2021-01-14T05:18:05.811601+0000   285     767      5056      4289   15.0468        45     49.9775     44.0324
2021-01-14T05:18:06.811771+0000   286     767      5095      4328   15.1305        39     49.7763     44.0873
2021-01-14T05:18:07.811924+0000   287     767      5115      4348   15.1475        20     50.7397     44.1171
2021-01-14T05:18:08.812086+0000   288     767      5116      4349   15.0984         1      50.975     44.1187
2021-01-14T05:18:09.812228+0000   289     767      5135      4368   15.1119        19     51.6003     44.1512
2021-01-14T05:18:10.812364+0000   290     767      5137      4370   15.0666         2     53.0707     44.1553
2021-01-14T05:18:11.812522+0000   291     767      5170      4403   15.1282        33      51.743      44.215
2021-01-14T05:18:12.812682+0000   292     767      5203      4436   15.1894        33     49.9262     44.2621
2021-01-14T05:18:13.812830+0000   293     767      5243      4476   15.2741        40     49.2542     44.3094
2021-01-14T05:18:14.812983+0000   294     767      5284      4517   15.3616        41     49.2387     44.3523
2021-01-14T05:18:15.813150+0000   295     767      5300      4533   15.3637        16     49.1205     44.3699
2021-01-14T05:18:16.813298+0000   296     767      5300      4533   15.3118         0           -     44.3699
2021-01-14T05:18:17.813428+0000   297     767      5303      4536   15.2704       1.5     50.8736     44.3742
2021-01-14T05:18:18.813562+0000   298     767      5334      4567   15.3231        31     49.0305     44.4186
2021-01-14T05:18:19.813746+0000   299     767      5367      4600   15.3822        33     49.1025     44.4512
2021-01-14T05:18:20.813871+0000 min lat: 29.8104 max lat: 68.0548 avg lat: 44.4923
2021-01-14T05:18:20.813871+0000   sec Cur ops   started  finished  avg MB/s  cur MB/s last lat(s)  avg lat(s)
2021-01-14T05:18:20.813871+0000   300     767      5412      4645   15.4809        45     46.7455     44.4923
2021-01-14T05:18:21.814084+0000   301     767      5453      4686   15.5657        41     45.6354     44.5117
2021-01-14T05:18:22.814241+0000   302     767      5461      4694   15.5406         8     39.5872     44.5045
2021-01-14T05:18:23.814381+0000   303     767      5461      4694   15.4894         0           -     44.5045
2021-01-14T05:18:24.814511+0000   304     767      5461      4694   15.4384         0           -     44.5045
2021-01-14T05:18:25.814640+0000   305     767      5483      4716   15.4599   7.33333     40.3995     44.4919
2021-01-14T05:18:26.814805+0000   306     767      5501      4734   15.4682        18     36.8145     44.4717
2021-01-14T05:18:27.814952+0000   307     767      5501      4734   15.4178         0           -     44.4717
2021-01-14T05:18:28.815080+0000   308     767      5501      4734   15.3678         0           -     44.4717
2021-01-14T05:18:29.815208+0000   309     767      5509      4742   15.3439   2.66667     39.5987     44.4634
2021-01-14T05:18:30.815351+0000   310     767      5513      4746   15.3073         4     40.7123     44.4601
2021-01-14T05:18:31.815498+0000   311     767      5513      4746   15.2581         0           -     44.4601
2021-01-14T05:18:32.815629+0000   312     767      5513      4746   15.2092         0           -     44.4601
2021-01-14T05:18:33.815756+0000   313     767      5513      4746   15.1606         0           -     44.4601
2021-01-14T05:18:34.815884+0000   314     767      5513      4746   15.1123         0           -     44.4601
2021-01-14T05:18:35.816006+0000   315     767      5513      4746   15.0644         0           -     44.4601
2021-01-14T05:18:36.816130+0000   316     767      5514      4747   15.0198  0.166667     46.8574     44.4606
2021-01-14T05:18:37.816265+0000   317     767      5514      4747   14.9725         0           -     44.4606
2021-01-14T05:18:38.816413+0000   318     767      5514      4747   14.9254         0           -     44.4606
2021-01-14T05:18:39.816560+0000   319     767      5547      4780    14.982        11      49.274     44.4941
2021-01-14T05:18:40.816733+0000 min lat: 29.8104 max lat: 68.0548 avg lat: 44.5236
2021-01-14T05:18:40.816733+0000   sec Cur ops   started  finished  avg MB/s  cur MB/s last lat(s)  avg lat(s)
2021-01-14T05:18:40.816733+0000   320     767      5576      4809   15.0258        29     46.4279     44.5236
2021-01-14T05:18:41.816907+0000   321     767      5603      4836   15.0631        27     46.8635     44.5359
2021-01-14T05:18:42.817084+0000   322     767      5603      4836   15.0163         0           -     44.5359
2021-01-14T05:18:43.817259+0000   323     767      5616      4849   15.0101       6.5     45.9323     44.5442
2021-01-14T05:18:44.817415+0000   324     767      5636      4869   15.0255        20     46.4026     44.5539
2021-01-14T05:18:45.817574+0000   325     767      5636      4869   14.9792         0           -     44.5539
2021-01-14T05:18:46.817700+0000   326     767      5636      4869   14.9333         0           -     44.5539
2021-01-14T05:18:47.817837+0000   327     767      5641      4874   14.9029   1.66667     48.9479     44.5582
2021-01-14T05:18:48.817986+0000   328     767      5641      4874   14.8575         0           -     44.5582
2021-01-14T05:18:49.818120+0000   329     767      5641      4874   14.8123         0           -     44.5582
2021-01-14T05:18:50.818248+0000   330     767      5641      4874   14.7674         0           -     44.5582
2021-01-14T05:18:51.818375+0000   331     767      5641      4874   14.7228         0           -     44.5582
2021-01-14T05:18:52.818501+0000   332     767      5642      4875   14.6815       0.2     54.2962     44.5602
2021-01-14T05:18:53.818660+0000   333     767      5677      4910   14.7425        35     54.9511     44.6319
2021-01-14T05:18:54.818820+0000   334     767      5681      4914   14.7103         4      55.183     44.6405
2021-01-14T05:18:55.818959+0000   335     767      5681      4914   14.6664         0           -     44.6405
2021-01-14T05:18:56.819085+0000   336     767      5681      4914   14.6228         0           -     44.6405
2021-01-14T05:18:57.819205+0000   337     767      5681      4914   14.5794         0           -     44.6405
2021-01-14T05:18:58.819335+0000   338     767      5681      4914   14.5362         0           -     44.6405
2021-01-14T05:18:59.819470+0000   339     767      5681      4914   14.4934         0           -     44.6405
2021-01-14T05:19:00.819605+0000 min lat: 29.8104 max lat: 68.0548 avg lat: 44.6405
2021-01-14T05:19:00.819605+0000   sec Cur ops   started  finished  avg MB/s  cur MB/s last lat(s)  avg lat(s)
2021-01-14T05:19:00.819605+0000   340     767      5681      4914   14.4507         0           -     44.6405
2021-01-14T05:19:01.819755+0000   341     767      5681      4914   14.4084         0           -     44.6405
2021-01-14T05:19:02.819878+0000   342     767      5681      4914   14.3662         0           -     44.6405
2021-01-14T05:19:03.820006+0000   343     767      5681      4914   14.3243         0           -     44.6405
2021-01-14T05:19:04.820144+0000   344     767      5681      4914   14.2827         0           -     44.6405
2021-01-14T05:19:05.820279+0000   345     767      5681      4914   14.2413         0           -     44.6405
2021-01-14T05:19:06.820421+0000   346     767      5681      4914   14.2001         0           -     44.6405
2021-01-14T05:19:07.820546+0000   347     767      5682      4915   14.1621 0.0769231     68.4857     44.6453
2021-01-14T05:19:08.820700+0000   348     767      5733      4966   14.2679        51     66.3685     44.8887
2021-01-14T05:19:09.820873+0000   349     767      5747      4980   14.2672        14      65.894     44.9488
2021-01-14T05:19:10.821024+0000   350     767      5747      4980   14.2264         0           -     44.9488
2021-01-14T05:19:11.821156+0000   351     767      5763      4996   14.2314         8     67.3965     45.0218
2021-01-14T05:19:12.821313+0000   352     767      5780      5013   14.2393        17     67.5054     45.0996
